Archive member included to satisfy reference by file (symbol)

Generated_Source\PSoC6\pdl\middleware\ble\lib\cy_ble_stack_gcc_controller_ipc_cm0p.a(CyBleStackMgrIP_Interface.o)
                              .\CortexM0p\ARM_GCC_541\Debug\cy_ble.o (Cy_BLE_EnablePrivacyFeature)
Generated_Source\PSoC6\pdl\middleware\ble\lib\cy_ble_stack_gcc_controller_ipc_cm0p.a(CyBleStackMgr_PSoCHal.o)
                              Generated_Source\PSoC6\pdl\middleware\ble\lib\cy_ble_stack_gcc_controller_ipc_cm0p.a(CyBleStackMgrIP_Interface.o) (bt_config)
Generated_Source\PSoC6\pdl\middleware\ble\lib\cy_ble_stack_gcc_controller_ipc_cm0p.a(CyBleStackMgr_BleSSDriver.o)
                              Generated_Source\PSoC6\pdl\middleware\ble\lib\cy_ble_stack_gcc_controller_ipc_cm0p.a(CyBleStackMgrIP_Interface.o) (CyBleStackMgr_BleSSInit)
Generated_Source\PSoC6\pdl\middleware\ble\lib\cy_ble_stack_gcc_controller_ipc_cm0p.a(CyBleStackMgr_StackTaskHandler.o)
                              Generated_Source\PSoC6\pdl\middleware\ble\lib\cy_ble_stack_gcc_controller_ipc_cm0p.a(CyBleStackMgrIP_Interface.o) (CyBle_CreateBleStackTask)
Generated_Source\PSoC6\pdl\middleware\ble\lib\cy_ble_stack_gcc_controller_ipc_cm0p.a(config_bin.o)
                              Generated_Source\PSoC6\pdl\middleware\ble\lib\cy_ble_stack_gcc_controller_ipc_cm0p.a(CyBleStackMgr_PSoCHal.o) (bt_cfg_pdata)
Generated_Source\PSoC6\pdl\middleware\ble\lib\cy_ble_stack_gcc_controller_ipc_cm0p.a(BT_timer.o)
                              Generated_Source\PSoC6\pdl\middleware\ble\lib\cy_ble_stack_gcc_controller_ipc_cm0p.a(CyBleStackMgr_StackTaskHandler.o) (BT_timer_process_signals)
Generated_Source\PSoC6\pdl\middleware\ble\lib\cy_ble_stack_gcc_controller_ipc_cm0p.a(bt_os_common.o)
                              Generated_Source\PSoC6\pdl\middleware\ble\lib\cy_ble_stack_gcc_controller_ipc_cm0p.a(CyBleStackMgr_StackTaskHandler.o) (BT_ISROSQPost)
Generated_Source\PSoC6\pdl\middleware\ble\lib\cy_ble_stack_gcc_controller_ipc_cm0p.a(CyBleStackMgrIP_Pilo.o)
                              Generated_Source\PSoC6\pdl\middleware\ble\lib\cy_ble_stack_gcc_controller_ipc_cm0p.a(CyBleStackMgrIP_Interface.o) (CyPilo_InitCalibration)
Generated_Source\PSoC6\pdl\middleware\ble\lib\cy_ble_stack_gcc_controller_ipc_cm0p.a(mint_os.o)
                              Generated_Source\PSoC6\pdl\middleware\ble\lib\cy_ble_stack_gcc_controller_ipc_cm0p.a(CyBleStackMgrIP_Interface.o) (OS_init)
Generated_Source\PSoC6\pdl\middleware\ble\lib\cy_ble_stack_gcc_controller_ipc_cm0p.a(mint_os_queue.o)
                              Generated_Source\PSoC6\pdl\middleware\ble\lib\cy_ble_stack_gcc_controller_ipc_cm0p.a(mint_os.o) (OS_TOTAL_QUEUES)
Generated_Source\PSoC6\pdl\middleware\ble\lib\cy_ble_stack_gcc_controller_ipc_cm0p.a(mint_os_task.o)
                              Generated_Source\PSoC6\pdl\middleware\ble\lib\cy_ble_stack_gcc_controller_ipc_cm0p.a(mint_os.o) (idle_func_handler)
Generated_Source\PSoC6\pdl\middleware\ble\lib\cy_ble_stack_gcc_controller_ipc_cm0p.a(mint_buf_mgmt.o)
                              Generated_Source\PSoC6\pdl\middleware\ble\lib\cy_ble_stack_gcc_controller_ipc_cm0p.a(CyBleStackMgrIP_Interface.o) (mint_buf_mgmt_init)
Generated_Source\PSoC6\pdl\middleware\ble\lib\cy_ble_stack_gcc_controller_ipc_cm0p.a(transport_ipc.o)
                              Generated_Source\PSoC6\pdl\middleware\ble\lib\cy_ble_stack_gcc_controller_ipc_cm0p.a(CyBleStackMgr_PSoCHal.o) (CyBleController_HciIpcInit)
Generated_Source\PSoC6\pdl\middleware\ble\lib\cy_ble_stack_gcc_controller_ipc_cm0p.a(CyBleStackMgr_PSoCIPCHal.o)
                              Generated_Source\PSoC6\pdl\middleware\ble\lib\cy_ble_stack_gcc_controller_ipc_cm0p.a(CyBleStackMgrIP_Interface.o) (CyBleController_IPC_HAL_InitWithStaticMem)
Generated_Source\PSoC6\pdl\middleware\ble\lib\cy_ble_stack_gcc_controller_ipc_cm0p.a(CyBleControllerIP_Interface.o)
                              Generated_Source\PSoC6\pdl\middleware\ble\lib\cy_ble_stack_gcc_controller_ipc_cm0p.a(CyBleStackMgrIP_Interface.o) (CyBle_ControllerEnableDleFeature)
Generated_Source\PSoC6\pdl\middleware\ble\lib\cy_ble_stack_gcc_controller_ipc_cm0p.a(ll.o)
                              Generated_Source\PSoC6\pdl\middleware\ble\lib\cy_ble_stack_gcc_controller_ipc_cm0p.a(CyBleControllerIP_Interface.o) (ll_self_device_data)
Generated_Source\PSoC6\pdl\middleware\ble\lib\cy_ble_stack_gcc_controller_ipc_cm0p.a(ll_advertiser.o)
                              Generated_Source\PSoC6\pdl\middleware\ble\lib\cy_ble_stack_gcc_controller_ipc_cm0p.a(ll.o) (ll_adv_is_configured_connection_adv)
Generated_Source\PSoC6\pdl\middleware\ble\lib\cy_ble_stack_gcc_controller_ipc_cm0p.a(ll_connection.o)
                              Generated_Source\PSoC6\pdl\middleware\ble\lib\cy_ble_stack_gcc_controller_ipc_cm0p.a(ll.o) (bleSlDsmFix)
Generated_Source\PSoC6\pdl\middleware\ble\lib\cy_ble_stack_gcc_controller_ipc_cm0p.a(llh_api.o)
[...]
Memory Configuration

Name             Origin             Length             Attributes
ram              0x08000000         0x00024000         xrw
flash            0x10000000         0x00080000         xr
em_eeprom        0x14000000         0x00008000         xr
sflash_user_data 0x16000800         0x00000800         xr
sflash_nar       0x16001a00         0x00000200         xr
sflash_public_key 0x16005a00         0x00000c00         xr
sflash_toc_2     0x16007c00         0x00000200         xr
sflash_rtoc_2    0x16007e00         0x00000200         xr
xip              0x18000000         0x08000000         xr
efuse            0x90700000         0x00100000         r
*default*        0x00000000         0xffffffff

Linker script and memory map

LOAD c:/program files (x86)/cypress/psoc creator/4.4/psoc creator/import/gnu/arm/5.4.1/bin/../lib/gcc/arm-none-eabi/5.4.1/armv6-m/crti.o
LOAD c:/program files (x86)/cypress/psoc creator/4.4/psoc creator/import/gnu/arm/5.4.1/bin/../lib/gcc/arm-none-eabi/5.4.1/armv6-m/crtbegin.o
LOAD c:/program files (x86)/cypress/psoc creator/4.4/psoc creator/import/gnu/arm/5.4.1/bin/../lib/gcc/arm-none-eabi/5.4.1/../../../../arm-none-eabi/lib/armv6-m/crt0.o
START GROUP
LOAD Generated_Source\PSoC6\pdl\middleware\ble\lib\cy_ble_stack_gcc_radio_max_cm0p.a
LOAD Generated_Source\PSoC6\pdl\middleware\ble\lib\cy_ble_stack_gcc_controller_ipc_cm0p.a
LOAD .\CortexM0p\ARM_GCC_541\Debug\startup_psoc6_01_cm0plus.o
LOAD .\CortexM0p\ARM_GCC_541\Debug\main_cm0p.o
LOAD .\CortexM0p\ARM_GCC_541\Debug\system_psoc6_cm0plus.o
LOAD .\CortexM0p\ARM_GCC_541\Debug\stdio_user.o
LOAD .\CortexM0p\ARM_GCC_541\Debug\cyfitter_sysint_cfg.o
LOAD .\CortexM0p\ARM_GCC_541\Debug\cyfitter_cfg.o
LOAD .\CortexM0p\ARM_GCC_541\Debug\cymetadata.o
LOAD .\CortexM0p\ARM_GCC_541\Debug\ADC.o
LOAD .\CortexM0p\ARM_GCC_541\Debug\ADC_INT.o
LOAD .\CortexM0p\ARM_GCC_541\Debug\ADC_INIT.o
LOAD .\CortexM0p\ARM_GCC_541\Debug\ADC_PM.o
LOAD .\CortexM0p\ARM_GCC_541\Debug\cy_efuse.o
LOAD .\CortexM0p\ARM_GCC_541\Debug\cy_flash.o
LOAD .\CortexM0p\ARM_GCC_541\Debug\cy_gpio.o
LOAD .\CortexM0p\ARM_GCC_541\Debug\cy_ipc_drv.o
LOAD .\CortexM0p\ARM_GCC_541\Debug\cy_ipc_sema.o
LOAD .\CortexM0p\ARM_GCC_541\Debug\cy_ipc_pipe.o
LOAD .\CortexM0p\ARM_GCC_541\Debug\cy_lvd.o
LOAD .\CortexM0p\ARM_GCC_541\Debug\cy_profile.o
LOAD .\CortexM0p\ARM_GCC_541\Debug\cy_prot.o
LOAD .\CortexM0p\ARM_GCC_541\Debug\cy_sar.o
LOAD .\CortexM0p\ARM_GCC_541\Debug\cy_scb_common.o
LOAD .\CortexM0p\ARM_GCC_541\Debug\cy_scb_i2c.o
LOAD .\CortexM0p\ARM_GCC_541\Debug\cy_scb_ezi2c.o
LOAD .\CortexM0p\ARM_GCC_541\Debug\cy_scb_spi.o
LOAD .\CortexM0p\ARM_GCC_541\Debug\cy_scb_uart.o
LOAD .\CortexM0p\ARM_GCC_541\Debug\cy_sysanalog.o
LOAD .\CortexM0p\ARM_GCC_541\Debug\cy_sysclk.o
LOAD .\CortexM0p\ARM_GCC_541\Debug\cy_sysint.o
LOAD .\CortexM0p\ARM_GCC_541\Debug\cy_syslib.o
LOAD .\CortexM0p\ARM_GCC_541\Debug\cy_syslib_gcc.o
LOAD .\CortexM0p\ARM_GCC_541\Debug\cy_syspm.o
LOAD .\CortexM0p\ARM_GCC_541\Debug\cy_systick.o
LOAD .\CortexM0p\ARM_GCC_541\Debug\cy_trigmux.o
LOAD .\CortexM0p\ARM_GCC_541\Debug\cy_wdt.o
LOAD .\CortexM0p\ARM_GCC_541\Debug\cy_device.o
LOAD .\CortexM0p\ARM_GCC_541\Debug\cy_ble_clk.o
LOAD .\CortexM0p\ARM_GCC_541\Debug\cy_ble.o
LOAD .\CortexM0p\ARM_GCC_541\Debug\cy_ble_hal_int.o
LOAD .\CortexM0p\ARM_GCC_541\Debug\cy_ble_hal_pvt.o
LOAD .\CortexM0p\ARM_GCC_541\Debug\cy_ble_gap.o
LOAD .\CortexM0p\ARM_GCC_541\Debug\cy_ble_gatt.o
LOAD .\CortexM0p\ARM_GCC_541\Debug\cy_ble_event_handler.o
LOAD .\CortexM0p\ARM_GCC_541\Debug\cy_ble_ancs.o
LOAD .\CortexM0p\ARM_GCC_541\Debug\cy_ble_ans.o
LOAD .\CortexM0p\ARM_GCC_541\Debug\cy_ble_aios.o
LOAD .\CortexM0p\ARM_GCC_541\Debug\cy_ble_bas.o
LOAD .\CortexM0p\ARM_GCC_541\Debug\cy_ble_bcs.o
LOAD .\CortexM0p\ARM_GCC_541\Debug\cy_ble_bls.o
LOAD .\CortexM0p\ARM_GCC_541\Debug\cy_ble_bms.o
LOAD .\CortexM0p\ARM_GCC_541\Debug\cy_ble_bts.o
LOAD .\CortexM0p\ARM_GCC_541\Debug\cy_ble_cgms.o
LOAD .\CortexM0p\ARM_GCC_541\Debug\cy_ble_cps.o
LOAD .\CortexM0p\ARM_GCC_541\Debug\cy_ble_cscs.o
LOAD .\CortexM0p\ARM_GCC_541\Debug\cy_ble_cts.o
LOAD .\CortexM0p\ARM_GCC_541\Debug\cy_ble_custom.o
LOAD .\CortexM0p\ARM_GCC_541\Debug\cy_ble_dis.o
LOAD .\CortexM0p\ARM_GCC_541\Debug\cy_ble_ess.o
LOAD .\CortexM0p\ARM_GCC_541\Debug\cy_ble_gls.o
LOAD .\CortexM0p\ARM_GCC_541\Debug\cy_ble_hids.o
LOAD .\CortexM0p\ARM_GCC_541\Debug\cy_ble_hps.o
LOAD .\CortexM0p\ARM_GCC_541\Debug\cy_ble_hrs.o
LOAD .\CortexM0p\ARM_GCC_541\Debug\cy_ble_hts.o
LOAD .\CortexM0p\ARM_GCC_541\Debug\cy_ble_ias.o
LOAD .\CortexM0p\ARM_GCC_541\Debug\cy_ble_ips.o
LOAD .\CortexM0p\ARM_GCC_541\Debug\cy_ble_lls.o
LOAD .\CortexM0p\ARM_GCC_541\Debug\cy_ble_lns.o
LOAD .\CortexM0p\ARM_GCC_541\Debug\cy_ble_ndcs.o
LOAD .\CortexM0p\ARM_GCC_541\Debug\cy_ble_plxs.o
LOAD .\CortexM0p\ARM_GCC_541\Debug\cy_ble_pass.o
LOAD .\CortexM0p\ARM_GCC_541\Debug\cy_ble_rscs.o
LOAD .\CortexM0p\ARM_GCC_541\Debug\cy_ble_rtus.o
LOAD .\CortexM0p\ARM_GCC_541\Debug\cy_ble_scps.o
LOAD .\CortexM0p\ARM_GCC_541\Debug\cy_ble_tps.o
LOAD .\CortexM0p\ARM_GCC_541\Debug\cy_ble_uds.o
LOAD .\CortexM0p\ARM_GCC_541\Debug\cy_ble_wpts.o
LOAD .\CortexM0p\ARM_GCC_541\Debug\cy_ble_wss.o
LOAD .\CortexM0p\ARM_GCC_541\Debug\retarget.o
LOAD .\CortexM0p\ARM_GCC_541\Debug\UART.o
LOAD .\CortexM0p\ARM_GCC_541\Debug\BLE.o
LOAD .\CortexM0p\ARM_GCC_541\Debug\BLE_config.o
LOAD .\CortexM0p\ARM_GCC_541\Debug\BLE_custom_config.o
LOAD .\CortexM0p\ARM_GCC_541\Debug\I2C.o
END GROUP
START GROUP
LOAD c:/program files (x86)/cypress/psoc creator/4.4/psoc creator/import/gnu/arm/5.4.1/bin/../lib/gcc/arm-none-eabi/5.4.1/armv6-m\libgcc.a
LOAD c:/program files (x86)/cypress/psoc creator/4.4/psoc creator/import/gnu/arm/5.4.1/bin/../lib/gcc/arm-none-eabi/5.4.1/../../../../arm-none-eabi/lib/armv6-m\libg_nano.a
LOAD c:/program files (x86)/cypress/psoc creator/4.4/psoc creator/import/gnu/arm/5.4.1/bin/../lib/gcc/arm-none-eabi/5.4.1/../../../../arm-none-eabi/lib/armv6-m\libc_nano.a
END GROUP
START GROUP
LOAD c:/program files (x86)/cypress/psoc creator/4.4/psoc creator/import/gnu/arm/5.4.1/bin/../lib/gcc/arm-none-eabi/5.4.1/armv6-m\libgcc.a
LOAD c:/program files (x86)/cypress/psoc creator/4.4/psoc creator/import/gnu/arm/5.4.1/bin/../lib/gcc/arm-none-eabi/5.4.1/../../../../arm-none-eabi/lib/armv6-m\libc_nano.a
END GROUP
LOAD c:/program files (x86)/cypress/psoc creator/4.4/psoc creator/import/gnu/arm/5.4.1/bin/../lib/gcc/arm-none-eabi/5.4.1/armv6-m/crtend.o
LOAD c:/program files (x86)/cypress/psoc creator/4.4/psoc creator/import/gnu/arm/5.4.1/bin/../lib/gcc/arm-none-eabi/5.4.1/armv6-m/crtn.o
START GROUP
LOAD c:/program files (x86)/cypress/psoc creator/4.4/psoc creator/import/gnu/arm/5.4.1/bin/../lib/gcc/arm-none-eabi/5.4.1/armv6-m\libgcc.a
LOAD c:/program files (x86)/cypress/psoc creator/4.4/psoc creator/import/gnu/arm/5.4.1/bin/../lib/gcc/arm-none-eabi/5.4.1/../../../../arm-none-eabi/lib/armv6-m\libc.a
LOAD c:/program files (x86)/cypress/psoc creator/4.4/psoc creator/import/gnu/arm/5.4.1/bin/../lib/gcc/arm-none-eabi/5.4.1/../../../../arm-none-eabi/lib/armv6-m\libnosys.a
END GROUP
START GROUP
LOAD c:/program files (x86)/cypress/psoc creator/4.4/psoc creator/import/gnu/arm/5.4.1/bin/../lib/gcc/arm-none-eabi/5.4.1/armv6-m\libgcc.a
LOAD c:/program files (x86)/cypress/psoc creator/4.4/psoc creator/import/gnu/arm/5.4.1/bin/../lib/gcc/arm-none-eabi/5.4.1/../../../../arm-none-eabi/lib/armv6-m\libc.a
LOAD c:/program files (x86)/cypress/psoc creator/4.4/psoc creator/import/gnu/arm/5.4.1/bin/../lib/gcc/arm-none-eabi/5.4.1/../../../../arm-none-eabi/lib/armv6-m\libm.a
LOAD c:/program files (x86)/cypress/psoc creator/4.4/psoc creator/import/gnu/arm/5.4.1/bin/../lib/gcc/arm-none-eabi/5.4.1/../../../../arm-none-eabi/lib/armv6-m\libnosys.a
END GROUP

.cy_app_header
 *(.cy_app_header)

.text           0x10000000     0x640c
                0x10000000                . = ALIGN (0x4)
                0x10000000                __Vectors = .
 *(.vectors)
 .vectors       0x10000000       0xc0 .\CortexM0p\ARM_GCC_541\Debug\startup_psoc6_01_cm0plus.o
                0x100000c0                . = ALIGN (0x4)
                0x100000c0                __Vectors_End = .
                0x000000c0                __Vectors_Size = (__Vectors_End - __Vectors)
                0x100000c0                __end__ = .
                0x100000c0                . = ALIGN (0x4)
 *(.text*)
 .text          0x100000c0       0x60 c:/program files (x86)/cypress/psoc creator/4.4/psoc creator/import/gnu/arm/5.4.1/bin/../lib/gcc/arm-none-eabi/5.4.1/armv6-m/crtbegin.o
 .text          0x10000120       0x80 .\CortexM0p\ARM_GCC_541\Debug\startup_psoc6_01_cm0plus.o
                0x10000120                Cy_OnResetUser
                0x10000122                Reset_Handler
                0x10000180                NvicMux10_IRQHandler
                0x10000180                NvicMux26_IRQHandler
                0x10000180                SysTick_Handler
                0x10000180                NvicMux21_IRQHandler
                0x10000180                NMI_Handler
                0x10000180                NvicMux19_IRQHandler
                0x10000180                NvicMux8_IRQHandler
                0x10000180                NvicMux27_IRQHandler
                0x10000180                PendSV_Handler
                0x10000180                NvicMux17_IRQHandler
                0x10000180                NvicMux0_IRQHandler
                0x10000180                NvicMux25_IRQHandler
                0x10000180                NvicMux13_IRQHandler
                0x10000180                NvicMux11_IRQHandler
                0x10000180                NvicMux9_IRQHandler
                0x10000180                NvicMux18_IRQHandler
                0x10000180                NvicMux6_IRQHandler
                0x10000180                NvicMux22_IRQHandler
                0x10000180                NvicMux7_IRQHandler
                0x10000180                NvicMux2_IRQHandler
                0x10000180                NvicMux4_IRQHandler
                0x10000180                Default_Handler
                0x10000180                NvicMux30_IRQHandler
                0x10000180                NvicMux12_IRQHandler
                0x10000180                NvicMux5_IRQHandler
                0x10000180                NvicMux14_IRQHandler
                0x10000180                NvicMux3_IRQHandler
                0x10000180                SVC_Handler
                0x10000180                NvicMux1_IRQHandler
                0x10000180                NvicMux16_IRQHandler
                0x10000180                NvicMux29_IRQHandler
                0x10000180                NvicMux31_IRQHandler
                0x10000180                NvicMux24_IRQHandler
                0x10000180                NvicMux20_IRQHandler
                0x10000180                NvicMux15_IRQHandler
                0x10000180                NvicMux28_IRQHandler
                0x10000180                NvicMux23_IRQHandler
                0x10000184                HardFault_Handler
 .text.main     0x100001a0       0x1c .\CortexM0p\ARM_GCC_541\Debug\main_cm0p.o
                0x100001a0                main
 .text.Cy_SysIpcPipeIsrCm0
                0x100001bc        0xc .\CortexM0p\ARM_GCC_541\Debug\system_psoc6_cm0plus.o
                0x100001bc                Cy_SysIpcPipeIsrCm0
 .text.SystemCoreClockUpdate
                0x100001c8      0x1b0 .\CortexM0p\ARM_GCC_541\Debug\system_psoc6_cm0plus.o
                0x100001c8                SystemCoreClockUpdate
 .text.SystemInit
                0x10000378       0xc8 .\CortexM0p\ARM_GCC_541\Debug\system_psoc6_cm0plus.o
                0x10000378                SystemInit
 .text.Cy_SysGetCM4Status
                0x10000440       0x10 .\CortexM0p\ARM_GCC_541\Debug\system_psoc6_cm0plus.o
                0x10000440                Cy_SysGetCM4Status
 .text.Cy_SysResetCM4
                0x10000450       0x34 .\CortexM0p\ARM_GCC_541\Debug\system_psoc6_cm0plus.o
                0x10000450                Cy_SysResetCM4
 .text.Cy_SysEnableCM4
                0x10000484       0x5c .\CortexM0p\ARM_GCC_541\Debug\system_psoc6_cm0plus.o
                0x10000484                Cy_SysEnableCM4
 .text.CyClockStartupError
                0x100004e0        0x4 .\CortexM0p\ARM_GCC_541\Debug\cyfitter_cfg.o
 .text.AnalogSetDefault
                0x100004e4       0x3c .\CortexM0p\ARM_GCC_541\Debug\cyfitter_cfg.o
 .text.ClockInit
                0x10000520      0x2fc .\CortexM0p\ARM_GCC_541\Debug\cyfitter_cfg.o
 .text.Cy_SystemInit
                0x1000081c      0x174 .\CortexM0p\ARM_GCC_541\Debug\cyfitter_cfg.o
                0x1000081c                Cy_SystemInit
 .text.Cy_Flash_BoundsCheck
                0x10000990        0xc .\CortexM0p\ARM_GCC_541\Debug\cy_flash.o
 .text.Cy_Flash_ProcessOpcode
                0x1000099c       0xbc .\CortexM0p\ARM_GCC_541\Debug\cy_flash.o
 .text.Cy_Flash_OperationStatus
                0x10000a58       0x5c .\CortexM0p\ARM_GCC_541\Debug\cy_flash.o
 .text.Cy_Flash_InitExt
                0x10000ab4       0x44 .\CortexM0p\ARM_GCC_541\Debug\cy_flash.o
                0x10000ab4                Cy_Flash_InitExt
 .text.Cy_Flash_Init
                0x10000af8       0x10 .\CortexM0p\ARM_GCC_541\Debug\cy_flash.o
                0x10000af8                Cy_Flash_Init
 .text.Cy_Flash_WriteRow
                0x10000b08       0xa0 .\CortexM0p\ARM_GCC_541\Debug\cy_flash.o
                0x10000b08                Cy_Flash_WriteRow
 .text.Cy_Flash_IsOperationComplete
                0x10000ba8        0x8 .\CortexM0p\ARM_GCC_541\Debug\cy_flash.o
                0x10000ba8                Cy_Flash_IsOperationComplete
 .text.Cy_Flash_StartErase
                0x10000bb0       0xac .\CortexM0p\ARM_GCC_541\Debug\cy_flash.o
                0x10000bb0                Cy_Flash_StartErase
 .text.Cy_Flash_StartProgram
                0x10000c5c       0xb4 .\CortexM0p\ARM_GCC_541\Debug\cy_flash.o
                0x10000c5c                Cy_Flash_StartProgram
 .text.Cy_GPIO_Pin_Init
                0x10000d10      0x334 .\CortexM0p\ARM_GCC_541\Debug\cy_gpio.o
                0x10000d10                Cy_GPIO_Pin_Init
 .text.Cy_GPIO_Port_Init
                0x10001044       0xdc .\CortexM0p\ARM_GCC_541\Debug\cy_gpio.o
                0x10001044                Cy_GPIO_Port_Init
 .text.Cy_IPC_Drv_LockRelease
                0x10001120       0x40 .\CortexM0p\ARM_GCC_541\Debug\cy_ipc_drv.o
                0x10001120                Cy_IPC_Drv_LockRelease
 .text.Cy_IPC_Drv_SendMsgWord
                0x10001160       0x40 .\CortexM0p\ARM_GCC_541\Debug\cy_ipc_drv.o
                0x10001160                Cy_IPC_Drv_SendMsgWord
 .text.Cy_IPC_Drv_ReadMsgWord
                0x100011a0       0x38 .\CortexM0p\ARM_GCC_541\Debug\cy_ipc_drv.o
                0x100011a0                Cy_IPC_Drv_ReadMsgWord
 .text.Cy_IPC_Sema_InitExt
                0x100011d8       0xac .\CortexM0p\ARM_GCC_541\Debug\cy_ipc_sema.o
                0x100011d8                Cy_IPC_Sema_InitExt
 .text.Cy_IPC_Sema_Init
                0x10001284       0x68 .\CortexM0p\ARM_GCC_541\Debug\cy_ipc_sema.o
                0x10001284                Cy_IPC_Sema_Init
 .text.Cy_IPC_Sema_Set
                0x100012ec       0x8c .\CortexM0p\ARM_GCC_541\Debug\cy_ipc_sema.o
                0x100012ec                Cy_IPC_Sema_Set
 .text.Cy_IPC_Sema_Clear
                0x10001378       0x8c .\CortexM0p\ARM_GCC_541\Debug\cy_ipc_sema.o
                0x10001378                Cy_IPC_Sema_Clear
 .text.Cy_IPC_Sema_Status
                0x10001404       0x3c .\CortexM0p\ARM_GCC_541\Debug\cy_ipc_sema.o
                0x10001404                Cy_IPC_Sema_Status
 .text.Cy_IPC_Pipe_Config
                0x10001440       0x14 .\CortexM0p\ARM_GCC_541\Debug\cy_ipc_pipe.o
                0x10001440                Cy_IPC_Pipe_Config
 .text.Cy_IPC_Pipe_EndpointInit
                0x10001454       0xd8 .\CortexM0p\ARM_GCC_541\Debug\cy_ipc_pipe.o
                0x10001454                Cy_IPC_Pipe_EndpointInit
 .text.Cy_IPC_Pipe_Init
                0x1000152c       0xbc .\CortexM0p\ARM_GCC_541\Debug\cy_ipc_pipe.o
                0x1000152c                Cy_IPC_Pipe_Init
 .text.Cy_IPC_Pipe_SendMessage
                0x100015e8       0xb8 .\CortexM0p\ARM_GCC_541\Debug\cy_ipc_pipe.o
                0x100015e8                Cy_IPC_Pipe_SendMessage
 .text.Cy_IPC_Pipe_RegisterCallback
                0x100016a0       0x54 .\CortexM0p\ARM_GCC_541\Debug\cy_ipc_pipe.o
                0x100016a0                Cy_IPC_Pipe_RegisterCallback
 .text.Cy_IPC_Pipe_RegisterCallbackRel
                0x100016f4       0x30 .\CortexM0p\ARM_GCC_541\Debug\cy_ipc_pipe.o
                0x100016f4                Cy_IPC_Pipe_RegisterCallbackRel
 .text.Cy_IPC_Pipe_ExecCallback
                0x10001724       0xd0 .\CortexM0p\ARM_GCC_541\Debug\cy_ipc_pipe.o
                0x10001724                Cy_IPC_Pipe_ExecCallback
 .text.Cy_IPC_Pipe_ExecuteCallback
                0x100017f4       0x30 .\CortexM0p\ARM_GCC_541\Debug\cy_ipc_pipe.o
                0x100017f4                Cy_IPC_Pipe_ExecuteCallback
 .text.Cy_IPC_Pipe_EndpointPause
                0x10001824       0x50 .\CortexM0p\ARM_GCC_541\Debug\cy_ipc_pipe.o
                0x10001824                Cy_IPC_Pipe_EndpointPause
 .text.Cy_IPC_Pipe_EndpointResume
                0x10001874       0x48 .\CortexM0p\ARM_GCC_541\Debug\cy_ipc_pipe.o
                0x10001874                Cy_IPC_Pipe_EndpointResume
 .text.Cy_Prot_GetActivePC
                0x100018bc       0x34 .\CortexM0p\ARM_GCC_541\Debug\cy_prot.o
                0x100018bc                Cy_Prot_GetActivePC
 .text.Cy_SysClk_ClkPathSetSource
                0x100018f0       0x5c .\CortexM0p\ARM_GCC_541\Debug\cy_sysclk.o
                0x100018f0                Cy_SysClk_ClkPathSetSource
 .text.Cy_SysClk_ClkPathGetSource
                0x1000194c       0x4c .\CortexM0p\ARM_GCC_541\Debug\cy_sysclk.o
                0x1000194c                Cy_SysClk_ClkPathGetSource
 .text.Cy_SysClk_FllManualConfigure
                0x10001998      0x178 .\CortexM0p\ARM_GCC_541\Debug\cy_sysclk.o
                0x10001998                Cy_SysClk_FllManualConfigure
 .text.Cy_SysClk_FllEnable
                0x10001b10       0xdc .\CortexM0p\ARM_GCC_541\Debug\cy_sysclk.o
                0x10001b10                Cy_SysClk_FllEnable
 .text.Cy_SysClk_StartClkMeasurementCounters
                0x10001bec      0x19c .\CortexM0p\ARM_GCC_541\Debug\cy_sysclk.o
                0x10001bec                Cy_SysClk_StartClkMeasurementCounters
 .text.Cy_SysClk_ClkMeasurementCountersGetFreq
                0x10001d88       0xbc .\CortexM0p\ARM_GCC_541\Debug\cy_sysclk.o
                0x10001d88                Cy_SysClk_ClkMeasurementCountersGetFreq
 .text.Cy_SysInt_SetInterruptSource
                0x10001e44       0x78 .\CortexM0p\ARM_GCC_541\Debug\cy_sysint.o
                0x10001e44                Cy_SysInt_SetInterruptSource
 .text.Cy_SysInt_SetVector
                0x10001ebc       0x44 .\CortexM0p\ARM_GCC_541\Debug\cy_sysint.o
                0x10001ebc                Cy_SysInt_SetVector
 .text.Cy_SysInt_Init
                0x10001f00       0xc4 .\CortexM0p\ARM_GCC_541\Debug\cy_sysint.o
                0x10001f00                Cy_SysInt_Init
 .text.Cy_SysLib_DelayUs
                0x10001fc4       0x14 .\CortexM0p\ARM_GCC_541\Debug\cy_syslib.o
                0x10001fc4                Cy_SysLib_DelayUs
 .text.Cy_SysLib_Halt
                0x10001fd8        0x4 .\CortexM0p\ARM_GCC_541\Debug\cy_syslib.o
                0x10001fd8                Cy_SysLib_Halt
 .text.Cy_SysLib_AssertFailed
                0x10001fdc       0x1c .\CortexM0p\ARM_GCC_541\Debug\cy_syslib.o
                0x10001fdc                Cy_SysLib_AssertFailed
 .text.Cy_SysLib_ClearFlashCacheAndBuffer
                0x10001ff8       0x10 .\CortexM0p\ARM_GCC_541\Debug\cy_syslib.o
                0x10001ff8                Cy_SysLib_ClearFlashCacheAndBuffer
 .text.Cy_SysLib_ResetBackupDomain
                0x10002008       0x20 .\CortexM0p\ARM_GCC_541\Debug\cy_syslib.o
                0x10002008                Cy_SysLib_ResetBackupDomain
 .text.Cy_SysLib_GetResetReason
                0x10002028       0x1c .\CortexM0p\ARM_GCC_541\Debug\cy_syslib.o
                0x10002028                Cy_SysLib_GetResetReason
 .text.Cy_SysLib_ProcessingFault
                0x10002044        0x4 .\CortexM0p\ARM_GCC_541\Debug\cy_syslib.o
                0x10002044                Cy_SysLib_ProcessingFault
 .text.Cy_SysLib_FaultHandler
                0x10002048       0x30 .\CortexM0p\ARM_GCC_541\Debug\cy_syslib.o
                0x10002048                Cy_SysLib_FaultHandler
 .text.Cy_SysLib_SetWaitStates
                0x10002078       0xe0 .\CortexM0p\ARM_GCC_541\Debug\cy_syslib.o
                0x10002078                Cy_SysLib_SetWaitStates
 .text          0x10002158       0x20 .\CortexM0p\ARM_GCC_541\Debug\cy_syslib_gcc.o
                0x10002158                Cy_SysLib_DelayCycles
                0x1000216a                Cy_SysLib_EnterCriticalSection
                0x10002172                Cy_SysLib_ExitCriticalSection
 .text.SetReadMarginTrimUlp
                0x10002178       0x98 .\CortexM0p\ARM_GCC_541\Debug\cy_syspm.o
 .text.SetReadMarginTrimLp
                0x10002210       0x90 .\CortexM0p\ARM_GCC_541\Debug\cy_syspm.o
 .text.SetWriteAssistTrimUlp
                0x100022a0       0x74 .\CortexM0p\ARM_GCC_541\Debug\cy_syspm.o
 .text.SetWriteAssistTrimLp
                0x10002314       0x84 .\CortexM0p\ARM_GCC_541\Debug\cy_syspm.o
 .text.IsVoltageChangePossible
                0x10002398       0x58 .\CortexM0p\ARM_GCC_541\Debug\cy_syspm.o
 .text.Cy_SysPm_BuckIsOutputEnabled
                0x100023f0       0x5c .\CortexM0p\ARM_GCC_541\Debug\cy_syspm.o
                0x100023f0                Cy_SysPm_BuckIsOutputEnabled
 .text.Cy_SysPm_BuckSetVoltage2
                0x1000244c       0x6c .\CortexM0p\ARM_GCC_541\Debug\cy_syspm.o
                0x1000244c                Cy_SysPm_BuckSetVoltage2
 .text.Cy_SysPm_RegisterCallback
                0x100024b8       0x5c .\CortexM0p\ARM_GCC_541\Debug\cy_syspm.o
                0x100024b8                Cy_SysPm_RegisterCallback
 .text.Cy_SysPm_ExecuteCallback
                0x10002514       0xd4 .\CortexM0p\ARM_GCC_541\Debug\cy_syspm.o
                0x10002514                Cy_SysPm_ExecuteCallback
 .text.Cy_SysPm_CpuEnterSleep
                0x100025e8       0x8c .\CortexM0p\ARM_GCC_541\Debug\cy_syspm.o
                0x100025e8                Cy_SysPm_CpuEnterSleep
 .text.Cy_SysPm_IoUnfreeze
                0x10002674       0x2c .\CortexM0p\ARM_GCC_541\Debug\cy_syspm.o
                0x10002674                Cy_SysPm_IoUnfreeze
 .text.Cy_SysPm_WriteVoltageBitForFlash
                0x100026a0      0x12c .\CortexM0p\ARM_GCC_541\Debug\cy_syspm.o
                0x100026a0                Cy_SysPm_WriteVoltageBitForFlash
 .text.Cy_SysPm_BuckSetVoltage1
                0x100027cc       0xa0 .\CortexM0p\ARM_GCC_541\Debug\cy_syspm.o
                0x100027cc                Cy_SysPm_BuckSetVoltage1
 .text.Cy_SysPm_LdoSetVoltage
                0x1000286c       0xd0 .\CortexM0p\ARM_GCC_541\Debug\cy_syspm.o
                0x1000286c                Cy_SysPm_LdoSetVoltage
 .text.Cy_SysTick_SetClockSource
                0x1000293c       0x3c .\CortexM0p\ARM_GCC_541\Debug\cy_systick.o
                0x1000293c                Cy_SysTick_SetClockSource
 .text.Cy_WDT_Unlock
                0x10002978       0x24 .\CortexM0p\ARM_GCC_541\Debug\cy_wdt.o
                0x10002978                Cy_WDT_Unlock
 .text.Cy_PDL_Init
                0x1000299c        0xc .\CortexM0p\ARM_GCC_541\Debug\cy_device.o
                0x1000299c                Cy_PDL_Init
 .text.Cy_BLE_HAL_RcbRegRead
                0x100029a8       0x50 .\CortexM0p\ARM_GCC_541\Debug\cy_ble_clk.o
 .text.Cy_BLE_HAL_RcbRegWrite
                0x100029f8       0x4c .\CortexM0p\ARM_GCC_541\Debug\cy_ble_clk.o
 .text.Cy_BLE_HAL_MxdRadioEnableClocks
                0x10002a44      0x21c .\CortexM0p\ARM_GCC_541\Debug\cy_ble_clk.o
 .text.Cy_BLE_HAL_EcoSetTrim
                0x10002c60       0x38 .\CortexM0p\ARM_GCC_541\Debug\cy_ble_clk.o
 .text.Cy_BLE_EcoStop
                0x10002c98       0x18 .\CortexM0p\ARM_GCC_541\Debug\cy_ble_clk.o
                0x10002c98                Cy_BLE_EcoStop
 .text.Cy_BLE_HAL_Init
                0x10002cb0       0x68 .\CortexM0p\ARM_GCC_541\Debug\cy_ble_clk.o
                0x10002cb0                Cy_BLE_HAL_Init
 .text.Cy_BLE_EcoStart
                0x10002d18      0x254 .\CortexM0p\ARM_GCC_541\Debug\cy_ble_clk.o
                0x10002d18                Cy_BLE_EcoStart
 .text.Cy_BLE_HAL_EcoGetFrequency
                0x10002f6c        0xc .\CortexM0p\ARM_GCC_541\Debug\cy_ble_clk.o
                0x10002f6c                Cy_BLE_HAL_EcoGetFrequency
 .text.Cy_BLE_HAL_IsEcoCpuClockSrc
                0x10002f78       0x20 .\CortexM0p\ARM_GCC_541\Debug\cy_ble_clk.o
                0x10002f78                Cy_BLE_HAL_IsEcoCpuClockSrc
 .text.Cy_BLE_HAL_IsWcoLfclkSrc
                0x10002f98       0x24 .\CortexM0p\ARM_GCC_541\Debug\cy_ble_clk.o
                0x10002f98                Cy_BLE_HAL_IsWcoLfclkSrc
 .text.Cy_BLE_DeepSleepCallback
                0x10002fbc       0xb4 .\CortexM0p\ARM_GCC_541\Debug\cy_ble.o
                0x10002fbc                Cy_BLE_DeepSleepCallback
 .text.Cy_BLE_Init
                0x10003070       0x18 .\CortexM0p\ARM_GCC_541\Debug\cy_ble.o
                0x10003070                Cy_BLE_Init
 .text.Cy_BLE_Enable
                0x10003088       0x80 .\CortexM0p\ARM_GCC_541\Debug\cy_ble.o
                0x10003088                Cy_BLE_Enable
 .text.Cy_BLE_ConfigureExtPA
                0x10003108       0x10 .\CortexM0p\ARM_GCC_541\Debug\cy_ble.o
                0x10003108                Cy_BLE_ConfigureExtPA
 .text.Cy_BLE_BlessInterrupt
                0x10003118        0x8 .\CortexM0p\ARM_GCC_541\Debug\cy_ble_hal_int.o
                0x10003118                Cy_BLE_BlessInterrupt
 .text.Cy_BLE_IPC_CtrlMsgFlushRecvCallBack
                0x10003120       0x10 .\CortexM0p\ARM_GCC_541\Debug\cy_ble_hal_pvt.o
 .text.Cy_BLE_HAL_RadioCalibrationRead
                0x10003130       0x2c .\CortexM0p\ARM_GCC_541\Debug\cy_ble_hal_pvt.o
                0x10003130                Cy_BLE_HAL_RadioCalibrationRead
 .text.Cy_BLE_HAL_NvramWrite
                0x1000315c      0x324 .\CortexM0p\ARM_GCC_541\Debug\cy_ble_hal_pvt.o
                0x1000315c                Cy_BLE_HAL_NvramWrite
 .text.Cy_BLE_HAL_RadioCalibrationWrite
                0x10003480       0x2c .\CortexM0p\ARM_GCC_541\Debug\cy_ble_hal_pvt.o
                0x10003480                Cy_BLE_HAL_RadioCalibrationWrite
 .text.Cy_BLE_HAL_GetIcPackageType
                0x100034ac        0x4 .\CortexM0p\ARM_GCC_541\Debug\cy_ble_hal_pvt.o
                0x100034ac                Cy_BLE_HAL_GetIcPackageType
 .text.Cy_BLE_HAL_RadioGetAbsVbat
                0x100034b0       0x20 .\CortexM0p\ARM_GCC_541\Debug\cy_ble_hal_pvt.o
                0x100034b0                Cy_BLE_HAL_RadioGetAbsVbat
 .text.Cy_BLE_HAL_RadioGetAbsTemp
                0x100034d0       0x24 .\CortexM0p\ARM_GCC_541\Debug\cy_ble_hal_pvt.o
                0x100034d0                Cy_BLE_HAL_RadioGetAbsTemp
 .text.Cy_BLE_HAL_IsDefinedTx5dbm
                0x100034f4        0x4 .\CortexM0p\ARM_GCC_541\Debug\cy_ble_hal_pvt.o
                0x100034f4                Cy_BLE_HAL_IsDefinedTx5dbm
 .text.Cy_BLE_HAL_DelayUs
                0x100034f8        0x8 .\CortexM0p\ARM_GCC_541\Debug\cy_ble_hal_pvt.o
                0x100034f8                Cy_BLE_HAL_DelayUs
 .text.Cy_BLE_HAL_EnableBlessInterrupt
                0x10003500       0x24 .\CortexM0p\ARM_GCC_541\Debug\cy_ble_hal_pvt.o
                0x10003500                Cy_BLE_HAL_EnableBlessInterrupt
 .text.Cy_BLE_HAL_DisableBlessInterrupt
                0x10003524       0x30 .\CortexM0p\ARM_GCC_541\Debug\cy_ble_hal_pvt.o
                0x10003524                Cy_BLE_HAL_DisableBlessInterrupt
 .text.Cy_BLE_HAL_LfClkGetSource
                0x10003554       0x14 .\CortexM0p\ARM_GCC_541\Debug\cy_ble_hal_pvt.o
                0x10003554                Cy_BLE_HAL_LfClkGetSource
 .text.Cy_BLE_HAL_ClkMeasurementCountersDone
                0x10003568       0x14 .\CortexM0p\ARM_GCC_541\Debug\cy_ble_hal_pvt.o
                0x10003568                Cy_BLE_HAL_ClkMeasurementCountersDone
 .text.Cy_BLE_HAL_ClkMeasurementCountersGetFreq
                0x1000357c        0x8 .\CortexM0p\ARM_GCC_541\Debug\cy_ble_hal_pvt.o
                0x1000357c                Cy_BLE_HAL_ClkMeasurementCountersGetFreq
 .text.Cy_BLE_HAL_StartClkMeasurementCounters
                0x10003584       0x2c .\CortexM0p\ARM_GCC_541\Debug\cy_ble_hal_pvt.o
                0x10003584                Cy_BLE_HAL_StartClkMeasurementCounters
 .text.Cy_BLE_HAL_TryPiloTrim
                0x100035b0       0x78 .\CortexM0p\ARM_GCC_541\Debug\cy_ble_hal_pvt.o
                0x100035b0                Cy_BLE_HAL_TryPiloTrim
 .text.Cy_BLE_HAL_PiloTrim
                0x10003628       0x14 .\CortexM0p\ARM_GCC_541\Debug\cy_ble_hal_pvt.o
                0x10003628                Cy_BLE_HAL_PiloTrim
 .text.Cy_BLE_HAL_BlessStart
                0x1000363c       0x40 .\CortexM0p\ARM_GCC_541\Debug\cy_ble_hal_pvt.o
                0x1000363c                Cy_BLE_HAL_BlessStart
 .text.Cy_BLE_HAL_GetIpBlockVersion
                0x1000367c        0x4 .\CortexM0p\ARM_GCC_541\Debug\cy_ble_hal_pvt.o
                0x1000367c                Cy_BLE_HAL_GetIpBlockVersion
 .text.Cy_BLE_HAL_EnterCriticalSection
                0x10003680        0x8 .\CortexM0p\ARM_GCC_541\Debug\cy_ble_hal_pvt.o
                0x10003680                Cy_BLE_HAL_EnterCriticalSection
 .text.Cy_BLE_HAL_ExitCriticalSection
                0x10003688        0x8 .\CortexM0p\ARM_GCC_541\Debug\cy_ble_hal_pvt.o
                0x10003688                Cy_BLE_HAL_ExitCriticalSection
 .text.Cy_BLE_HAL_SysPmSleep
                0x10003690        0x8 .\CortexM0p\ARM_GCC_541\Debug\cy_ble_hal_pvt.o
                0x10003690                Cy_BLE_HAL_SysPmSleep
 .text.Cy_BLE_HAL_SimoBuckSetVoltage2
                0x10003698        0xc .\CortexM0p\ARM_GCC_541\Debug\cy_ble_hal_pvt.o
                0x10003698                Cy_BLE_HAL_SimoBuckSetVoltage2
 .text.Cy_BLE_HAL_EnableControllerIpcPipeInterrupt
                0x100036a4        0xc .\CortexM0p\ARM_GCC_541\Debug\cy_ble_hal_pvt.o
                0x100036a4                Cy_BLE_HAL_EnableControllerIpcPipeInterrupt
 .text.Cy_BLE_HAL_DisableControllerIpcPipeInterrupt
                0x100036b0        0xc .\CortexM0p\ARM_GCC_541\Debug\cy_ble_hal_pvt.o
                0x100036b0                Cy_BLE_HAL_DisableControllerIpcPipeInterrupt
 .text.Cy_BLE_IPC_ControllerRegisterClientCallbacks
                0x100036bc       0x28 .\CortexM0p\ARM_GCC_541\Debug\cy_ble_hal_pvt.o
                0x100036bc                Cy_BLE_IPC_ControllerRegisterClientCallbacks
 .text.Cy_BLE_IPC_SendMessageToHost
                0x100036e4       0x20 .\CortexM0p\ARM_GCC_541\Debug\cy_ble_hal_pvt.o
                0x100036e4                Cy_BLE_IPC_SendMessageToHost
 .text.Cy_BLE_Start
                0x10003704       0x2c .\CortexM0p\ARM_GCC_541\Debug\BLE.o
                0x10003704                Cy_BLE_Start
 .text          0x10003730      0x114 c:/program files (x86)/cypress/psoc creator/4.4/psoc creator/import/gnu/arm/5.4.1/bin/../lib/gcc/arm-none-eabi/5.4.1/armv6-m\libgcc.a(_udivsi3.o)
                0x10003730                __aeabi_uidiv
                0x10003730                __udivsi3
                0x1000383c                __aeabi_uidivmod
 .text          0x10003844      0x1d4 c:/program files (x86)/cypress/psoc creator/4.4/psoc creator/import/gnu/arm/5.4.1/bin/../lib/gcc/arm-none-eabi/5.4.1/armv6-m\libgcc.a(_divsi3.o)
                0x10003844                __divsi3
                0x10003844                __aeabi_idiv
                0x10003a10                __aeabi_idivmod
 .text          0x10003a18        0x4 c:/program files (x86)/cypress/psoc creator/4.4/psoc creator/import/gnu/arm/5.4.1/bin/../lib/gcc/arm-none-eabi/5.4.1/armv6-m\libgcc.a(_dvmd_tls.o)
                0x10003a18                __aeabi_idiv0
                0x10003a18                __aeabi_ldiv0
 .text          0x10003a1c       0x40 c:/program files (x86)/cypress/psoc creator/4.4/psoc creator/import/gnu/arm/5.4.1/bin/../lib/gcc/arm-none-eabi/5.4.1/armv6-m\libgcc.a(_aeabi_uldivmod.o)
                0x10003a1c                __aeabi_uldivmod
 .text          0x10003a5c       0x58 c:/program files (x86)/cypress/psoc creator/4.4/psoc creator/import/gnu/arm/5.4.1/bin/../lib/gcc/arm-none-eabi/5.4.1/armv6-m\libgcc.a(_muldi3.o)
                0x10003a5c                __muldi3
                0x10003a5c                __aeabi_lmul
 .text          0x10003ab4       0x3c c:/program files (x86)/cypress/psoc creator/4.4/psoc creator/import/gnu/arm/5.4.1/bin/../lib/gcc/arm-none-eabi/5.4.1/armv6-m\libgcc.a(_fixunsdfsi.o)
                0x10003ab4                __aeabi_d2uiz
                0x10003ab4                __fixunsdfsi
 .text          0x10003af0      0x180 c:/program files (x86)/cypress/psoc creator/4.4/psoc creator/import/gnu/arm/5.4.1/bin/../lib/gcc/arm-none-eabi/5.4.1/armv6-m\libgcc.a(_udivmoddi4.o)
                0x10003af0                __udivmoddi4
 .text          0x10003c70      0x62c c:/program files (x86)/cypress/psoc creator/4.4/psoc creator/import/gnu/arm/5.4.1/bin/../lib/gcc/arm-none-eabi/5.4.1/armv6-m\libgcc.a(divdf3.o)
                0x10003c70                __aeabi_ddiv
 .text          0x1000429c      0x4f4 c:/program files (x86)/cypress/psoc creator/4.4/psoc creator/import/gnu/arm/5.4.1/bin/../lib/gcc/arm-none-eabi/5.4.1/armv6-m\libgcc.a(muldf3.o)
                0x1000429c                __aeabi_dmul
 .text          0x10004790      0x6a8 c:/program files (x86)/cypress/psoc creator/4.4/psoc creator/import/gnu/arm/5.4.1/bin/../lib/gcc/arm-none-eabi/5.4.1/armv6-m\libgcc.a(subdf3.o)
                0x10004790                __aeabi_dsub
 .text          0x10004e38       0x6c c:/program files (x86)/cypress/psoc creator/4.4/psoc creator/import/gnu/arm/5.4.1/bin/../lib/gcc/arm-none-eabi/5.4.1/armv6-m\libgcc.a(fixdfsi.o)
                0x10004e38                __aeabi_d2iz
 .text          0x10004ea4       0x70 c:/program files (x86)/cypress/psoc creator/4.4/psoc creator/import/gnu/arm/5.4.1/bin/../lib/gcc/arm-none-eabi/5.4.1/armv6-m\libgcc.a(floatunsidf.o)
                0x10004ea4                __aeabi_ui2d
 .text          0x10004f14       0x7c c:/program files (x86)/cypress/psoc creator/4.4/psoc creator/import/gnu/arm/5.4.1/bin/../lib/gcc/arm-none-eabi/5.4.1/armv6-m\libgcc.a(_arm_cmpdf2.o)
                0x10004f14                __aeabi_cdrcmple
                0x10004f24                __aeabi_cdcmple
                0x10004f24                __aeabi_cdcmpeq
                0x10004f34                __aeabi_dcmpeq
                0x10004f40                __aeabi_dcmplt
                0x10004f54                __aeabi_dcmple
                0x10004f68                __aeabi_dcmpgt
                0x10004f7c                __aeabi_dcmpge
 .text          0x10004f90       0x3c c:/program files (x86)/cypress/psoc creator/4.4/psoc creator/import/gnu/arm/5.4.1/bin/../lib/gcc/arm-none-eabi/5.4.1/armv6-m\libgcc.a(_clzsi2.o)
                0x10004f90                __clzsi2
 .text          0x10004fcc       0x18 c:/program files (x86)/cypress/psoc creator/4.4/psoc creator/import/gnu/arm/5.4.1/bin/../lib/gcc/arm-none-eabi/5.4.1/armv6-m\libgcc.a(_clzdi2.o)
                0x10004fcc                __clzdi2
 .text          0x10004fe4       0x80 c:/program files (x86)/cypress/psoc creator/4.4/psoc creator/import/gnu/arm/5.4.1/bin/../lib/gcc/arm-none-eabi/5.4.1/armv6-m\libgcc.a(eqdf2.o)
                0x10004fe4                __nedf2
                0x10004fe4                __eqdf2
 .text          0x10005064       0xc8 c:/program files (x86)/cypress/psoc creator/4.4/psoc creator/import/gnu/arm/5.4.1/bin/../lib/gcc/arm-none-eabi/5.4.1/armv6-m\libgcc.a(gedf2.o)
                0x10005064                __gedf2
                0x10005064                __gtdf2
 .text          0x1000512c       0xd4 c:/program files (x86)/cypress/psoc creator/4.4/psoc creator/import/gnu/arm/5.4.1/bin/../lib/gcc/arm-none-eabi/5.4.1/armv6-m\libgcc.a(ledf2.o)
                0x1000512c                __ledf2
                0x1000512c                __ltdf2
 .text.memcmp   0x10005200       0x1e c:/program files (x86)/cypress/psoc creator/4.4/psoc creator/import/gnu/arm/5.4.1/bin/../lib/gcc/arm-none-eabi/5.4.1/../../../../arm-none-eabi/lib/armv6-m\libg_nano.a(lib_a-memcmp.o)
                0x10005200                memcmp
 .text.memcpy   0x1000521e       0x12 c:/program files (x86)/cypress/psoc creator/4.4/psoc creator/import/gnu/arm/5.4.1/bin/../lib/gcc/arm-none-eabi/5.4.1/../../../../arm-none-eabi/lib/armv6-m\libg_nano.a(lib_a-memcpy-stub.o)
                0x1000521e                memcpy
 .text.memset   0x10005230       0x10 c:/program files (x86)/cypress/psoc creator/4.4/psoc creator/import/gnu/arm/5.4.1/bin/../lib/gcc/arm-none-eabi/5.4.1/../../../../arm-none-eabi/lib/armv6-m\libg_nano.a(lib_a-memset.o)
                0x10005230                memset
 .text.strncpy  0x10005240       0x26 c:/program files (x86)/cypress/psoc creator/4.4/psoc creator/import/gnu/arm/5.4.1/bin/../lib/gcc/arm-none-eabi/5.4.1/../../../../arm-none-eabi/lib/armv6-m\libg_nano.a(lib_a-strncpy.o)
                0x10005240                strncpy
 *(.init)
 *fill*         0x10005266        0x2 
 .init          0x10005268        0x4 c:/program files (x86)/cypress/psoc creator/4.4/psoc creator/import/gnu/arm/5.4.1/bin/../lib/gcc/arm-none-eabi/5.4.1/armv6-m/crti.o
                0x10005268                _init
 .init          0x1000526c        0x8 c:/program files (x86)/cypress/psoc creator/4.4/psoc creator/import/gnu/arm/5.4.1/bin/../lib/gcc/arm-none-eabi/5.4.1/armv6-m/crtn.o
 *(.fini)
 .fini          0x10005274        0x4 c:/program files (x86)/cypress/psoc creator/4.4/psoc creator/import/gnu/arm/5.4.1/bin/../lib/gcc/arm-none-eabi/5.4.1/armv6-m/crti.o
                0x10005274                _fini
 .fini          0x10005278        0x8 c:/program files (x86)/cypress/psoc creator/4.4/psoc creator/import/gnu/arm/5.4.1/bin/../lib/gcc/arm-none-eabi/5.4.1/armv6-m/crtn.o
 .fini.__stub   0x10005280       0x10 linker stubs
 *crtbegin.o(.ctors)
 *crtbegin?.o(.ctors)
 *(EXCLUDE_FILE(*crtend.o *crtend?.o) .ctors)
 *(SORT(.ctors.*))
 *(.ctors)
 *crtbegin.o(.dtors)
 *crtbegin?.o(.dtors)
 *(EXCLUDE_FILE(*crtend.o *crtend?.o) .dtors)
 *(SORT(.dtors.*))
 *(.dtors)
 *(.rodata .rodata.* .constdata .constdata.* .conststring .conststring.*)
 .rodata        0x10005290       0x34 .\CortexM0p\ARM_GCC_541\Debug\system_psoc6_cm0plus.o
 .rodata.str1.4
                0x100052c4       0x17 .\CortexM0p\ARM_GCC_541\Debug\system_psoc6_cm0plus.o
 *fill*         0x100052db        0x1 
 .rodata        0x100052dc        0x8 .\CortexM0p\ARM_GCC_541\Debug\cyfitter_sysint_cfg.o
                0x100052dc                BLE_bless_isr_cfg
 .rodata        0x100052e4       0xc8 .\CortexM0p\ARM_GCC_541\Debug\cyfitter_cfg.o
 .rodata.str1.4
                0x100053ac       0x3f .\CortexM0p\ARM_GCC_541\Debug\cy_flash.o
 *fill*         0x100053eb        0x1 
 .rodata.str1.4
                0x100053ec       0x7d .\CortexM0p\ARM_GCC_541\Debug\cy_gpio.o
 *fill*         0x10005469        0x3 
 .rodata.str1.4
                0x1000546c       0x7f .\CortexM0p\ARM_GCC_541\Debug\cy_ipc_drv.o
 .rodata.str1.4
                0x100054eb       0x3f .\CortexM0p\ARM_GCC_541\Debug\cy_ipc_sema.o
 *fill*         0x100054eb        0x1 
 .rodata.str1.4
                0x100054ec       0x40 .\CortexM0p\ARM_GCC_541\Debug\cy_ipc_pipe.o
                                 0x7f (size before relaxing)
 .rodata.str1.4
                0x1000552c       0x3d .\CortexM0p\ARM_GCC_541\Debug\cy_prot.o
 *fill*         0x10005569        0x3 
 .rodata.str1.4
                0x1000556c       0x85 .\CortexM0p\ARM_GCC_541\Debug\cy_sysclk.o
 *fill*         0x100055f1        0x3 
 .rodata.str1.4
                0x100055f4       0x41 .\CortexM0p\ARM_GCC_541\Debug\cy_sysint.o
 *fill*         0x10005635        0x3 
 .rodata.str1.4
                0x10005638       0x3f .\CortexM0p\ARM_GCC_541\Debug\cy_syspm.o
                                 0x7f (size before relaxing)
 *fill*         0x10005677        0x1 
 .rodata        0x10005678      0x170 .\CortexM0p\ARM_GCC_541\Debug\cy_device.o
                0x10005678                cy_deviceIpBlockCfgPSoC6_02
                0x10005730                cy_deviceIpBlockCfgPSoC6_01
 .rodata        0x100057e8       0x6c .\CortexM0p\ARM_GCC_541\Debug\cy_ble_clk.o
 .rodata.str1.4
                0x10005854       0x3c .\CortexM0p\ARM_GCC_541\Debug\cy_ble_hal_pvt.o
                                 0x3b (size before relaxing)
 .constdata     0x10005890       0x4c Generated_Source\PSoC6\pdl\middleware\ble\lib\cy_ble_stack_gcc_controller_ipc_cm0p.a(config_bin.o)
                0x10005890                bt_cfg_pdata
 .constdata     0x100058dc       0x10 Generated_Source\PSoC6\pdl\middleware\ble\lib\cy_ble_stack_gcc_controller_ipc_cm0p.a(ll_connection.o)
                0x100058dc                g_slave_clock_accuracy
 .constdata     0x100058ec      0x102 Generated_Source\PSoC6\pdl\middleware\ble\lib\cy_ble_stack_gcc_controller_ipc_cm0p.a(ll_pdu.o)
                0x100058ec                enc_valid_pdu_list
                0x100058f4                fp_ll_pdu_handlers
                0x10005958                fp_ll_pdu_ack_handlers
                0x100059bc                ll_pdu_valid_length
 *fill*         0x100059ee        0x2 
 .constdata     0x100059f0       0x88 Generated_Source\PSoC6\pdl\middleware\ble\lib\cy_ble_stack_gcc_controller_ipc_cm0p.a(ll_privacy.o)
 .constdata     0x10005a78       0x40 Generated_Source\PSoC6\pdl\middleware\ble\lib\cy_ble_stack_gcc_controller_ipc_cm0p.a(ll_dle.o)
 .constdata     0x10005ab8       0x50 Generated_Source\PSoC6\pdl\middleware\ble\lib\cy_ble_stack_gcc_controller_ipc_cm0p.a(ll_phy_update.o)
 .constdata     0x10005b08       0x84 Generated_Source\PSoC6\pdl\middleware\ble\lib\cy_ble_stack_gcc_controller_ipc_cm0p.a(lec_hci_le_commands.o)
 .constdata     0x10005b8c      0x3f6 Generated_Source\PSoC6\pdl\middleware\ble\lib\cy_ble_stack_gcc_controller_ipc_cm0p.a(lec_hci_le_commands.o)
 *fill*         0x10005f82        0x2 
 .constdata     0x10005f84       0x84 Generated_Source\PSoC6\pdl\middleware\ble\lib\cy_ble_stack_gcc_controller_ipc_cm0p.a(lec_hci_le_commands.o)
 .constdata     0x10006008       0x84 Generated_Source\PSoC6\pdl\middleware\ble\lib\cy_ble_stack_gcc_controller_ipc_cm0p.a(lec_hci_le_commands.o)
 .constdata     0x1000608c       0x21 Generated_Source\PSoC6\pdl\middleware\ble\lib\cy_ble_stack_gcc_controller_ipc_cm0p.a(lec_hci_le_commands.o)
 .constdata     0x100060ad       0x40 Generated_Source\PSoC6\pdl\middleware\ble\lib\cy_ble_stack_gcc_controller_ipc_cm0p.a(lec_hci_le_common_commands.o)
                0x100060ad                Cu8_hci_le_supported_commands_array
 *fill*         0x100060ed        0x3 
 .constdata     0x100060f0       0xcc Generated_Source\PSoC6\pdl\middleware\ble\lib\cy_ble_stack_gcc_controller_ipc_cm0p.a(lec_hci_le_privacy.o)
 .constdata     0x100061bc        0xc Generated_Source\PSoC6\pdl\middleware\ble\lib\cy_ble_stack_gcc_controller_ipc_cm0p.a(lec_hci_le_privacy.o)
 .constdata     0x100061c8       0x60 Generated_Source\PSoC6\pdl\middleware\ble\lib\cy_ble_stack_gcc_controller_ipc_cm0p.a(lec_hci_le_dle.o)
 .constdata     0x10006228       0x78 Generated_Source\PSoC6\pdl\middleware\ble\lib\cy_ble_stack_gcc_controller_ipc_cm0p.a(lec_hci_le_phy_update.o)
 .conststring   0x100062a0       0x87 Generated_Source\PSoC6\pdl\middleware\ble\lib\cy_ble_stack_gcc_controller_ipc_cm0p.a(drbg.o)
 *fill*         0x10006327        0x1 
 .constdata     0x10006328       0x60 Generated_Source\PSoC6\pdl\middleware\ble\lib\cy_ble_stack_gcc_radio_max_cm0p.a(CyBlessVer3.o)
                0x10006328                rssiMap
 .rodata        0x10006388       0x40 c:/program files (x86)/cypress/psoc creator/4.4/psoc creator/import/gnu/arm/5.4.1/bin/../lib/gcc/arm-none-eabi/5.4.1/armv6-m\libgcc.a(divdf3.o)
 .rodata        0x100063c8       0x40 c:/program files (x86)/cypress/psoc creator/4.4/psoc creator/import/gnu/arm/5.4.1/bin/../lib/gcc/arm-none-eabi/5.4.1/armv6-m\libgcc.a(muldf3.o)
 *(.eh_frame*)
 .eh_frame      0x10006408        0x0 c:/program files (x86)/cypress/psoc creator/4.4/psoc creator/import/gnu/arm/5.4.1/bin/../lib/gcc/arm-none-eabi/5.4.1/armv6-m/crtbegin.o
 .eh_frame      0x10006408        0x4 c:/program files (x86)/cypress/psoc creator/4.4/psoc creator/import/gnu/arm/5.4.1/bin/../lib/gcc/arm-none-eabi/5.4.1/armv6-m/crtend.o

.glue_7         0x1000640c        0x0
 .glue_7        0x1000640c        0x0 linker stubs

.glue_7t        0x1000640c        0x0
 .glue_7t       0x1000640c        0x0 linker stubs

.vfp11_veneer   0x1000640c        0x0
 .vfp11_veneer  0x1000640c        0x0 linker stubs

.v4_bx          0x1000640c        0x0
 .v4_bx         0x1000640c        0x0 linker stubs

.iplt           0x1000640c        0x0
 .iplt          0x1000640c        0x0 c:/program files (x86)/cypress/psoc creator/4.4/psoc creator/import/gnu/arm/5.4.1/bin/../lib/gcc/arm-none-eabi/5.4.1/armv6-m/crtbegin.o

i.CyBleStackMgr_Init
                0x1000640c       0xf8
 i.CyBleStackMgr_Init
                0x1000640c       0xf8 Generated_Source\PSoC6\pdl\middleware\ble\lib\cy_ble_stack_gcc_controller_ipc_cm0p.a(CyBleStackMgrIP_Interface.o)
                0x1000640c                CyBleStackMgr_Init

i.CyBleStackMgr_ProcessBleEvents
                0x10006504       0x2c
 i.CyBleStackMgr_ProcessBleEvents
                0x10006504       0x2c Generated_Source\PSoC6\pdl\middleware\ble\lib\cy_ble_stack_gcc_controller_ipc_cm0p.a(CyBleStackMgrIP_Interface.o)
                0x10006504                CyBleStackMgr_ProcessBleEvents

i.CyBleStackMgr_Shutdown
                0x10006530       0x28
 i.CyBleStackMgr_Shutdown
                0x10006530       0x28 Generated_Source\PSoC6\pdl\middleware\ble\lib\cy_ble_stack_gcc_controller_ipc_cm0p.a(CyBleStackMgrIP_Interface.o)
                0x10006530                CyBleStackMgr_Shutdown

i.CyBle_GetHeapConfig
                0x10006558        0x8
 i.CyBle_GetHeapConfig
                0x10006558        0x8 Generated_Source\PSoC6\pdl\middleware\ble\lib\cy_ble_stack_gcc_controller_ipc_cm0p.a(CyBleStackMgrIP_Interface.o)
                0x10006558                CyBle_GetHeapConfig

i.CyBle_GetHeapMemory
                0x10006560       0x3c
 i.CyBle_GetHeapMemory
                0x10006560       0x3c Generated_Source\PSoC6\pdl\middleware\ble\lib\cy_ble_stack_gcc_controller_ipc_cm0p.a(CyBleStackMgrIP_Interface.o)
                0x10006560                CyBle_GetHeapMemory

i.CyBle_StackGetConfigPtr
                0x1000659c        0x8
 i.CyBle_StackGetConfigPtr
                0x1000659c        0x8 Generated_Source\PSoC6\pdl\middleware\ble\lib\cy_ble_stack_gcc_controller_ipc_cm0p.a(CyBleStackMgrIP_Interface.o)
                0x1000659c                CyBle_StackGetConfigPtr

i.Cy_BLE_EnablePrivacyFeature
                0x100065a4        0x8
 i.Cy_BLE_EnablePrivacyFeature
                0x100065a4        0x8 Generated_Source\PSoC6\pdl\middleware\ble\lib\cy_ble_stack_gcc_controller_ipc_cm0p.a(CyBleStackMgrIP_Interface.o)
                0x100065a4                Cy_BLE_EnablePrivacyFeature

i.Cy_BLE_GetStackLibraryVersion
                0x100065ac       0x20
 i.Cy_BLE_GetStackLibraryVersion
                0x100065ac       0x20 Generated_Source\PSoC6\pdl\middleware\ble\lib\cy_ble_stack_gcc_controller_ipc_cm0p.a(CyBleStackMgrIP_Interface.o)
                0x100065ac                Cy_BLE_GetStackLibraryVersion

i.Cy_BLE_ProcessEvents
                0x100065cc        0x8
 i.Cy_BLE_ProcessEvents
                0x100065cc        0x8 Generated_Source\PSoC6\pdl\middleware\ble\lib\cy_ble_stack_gcc_controller_ipc_cm0p.a(CyBleStackMgrIP_Interface.o)
                0x100065cc                Cy_BLE_ProcessEvents

i.Cy_BLE_StackEnterLPM
                0x100065d4        0x8
 i.Cy_BLE_StackEnterLPM
                0x100065d4        0x8 Generated_Source\PSoC6\pdl\middleware\ble\lib\cy_ble_stack_gcc_controller_ipc_cm0p.a(CyBleStackMgrIP_Interface.o)
                0x100065d4                Cy_BLE_StackEnterLPM

i.Cy_BLE_StackGetBleSsState
                0x100065dc        0x8
 i.Cy_BLE_StackGetBleSsState
                0x100065dc        0x8 Generated_Source\PSoC6\pdl\middleware\ble\lib\cy_ble_stack_gcc_controller_ipc_cm0p.a(CyBleStackMgrIP_Interface.o)
                0x100065dc                Cy_BLE_StackGetBleSsState

i.Cy_BLE_StackInit
                0x100065e4       0x58
 i.Cy_BLE_StackInit
                0x100065e4       0x58 Generated_Source\PSoC6\pdl\middleware\ble\lib\cy_ble_stack_gcc_controller_ipc_cm0p.a(CyBleStackMgrIP_Interface.o)
                0x100065e4                Cy_BLE_StackInit

i.Cy_BLE_StackSetFeatureConfig
                0x1000663c       0x54
 i.Cy_BLE_StackSetFeatureConfig
                0x1000663c       0x54 Generated_Source\PSoC6\pdl\middleware\ble\lib\cy_ble_stack_gcc_controller_ipc_cm0p.a(CyBleStackMgrIP_Interface.o)
                0x1000663c                Cy_BLE_StackSetFeatureConfig

i.ble_stack_idle_task_callback
                0x10006690        0x2
 i.ble_stack_idle_task_callback
                0x10006690        0x2 Generated_Source\PSoC6\pdl\middleware\ble\lib\cy_ble_stack_gcc_controller_ipc_cm0p.a(CyBleStackMgrIP_Interface.o)
                0x10006690                ble_stack_idle_task_callback

i.CyBleStackMgr_GetTime
                0x10006694       0x28
 i.CyBleStackMgr_GetTime
                0x10006694       0x28 Generated_Source\PSoC6\pdl\middleware\ble\lib\cy_ble_stack_gcc_controller_ipc_cm0p.a(CyBleStackMgr_PSoCHal.o)
                0x10006694                CyBleStackMgr_GetTime

i.CyBleStackMgr_HalInit
                0x100066bc       0x1c
 i.CyBleStackMgr_HalInit
                0x100066bc       0x1c Generated_Source\PSoC6\pdl\middleware\ble\lib\cy_ble_stack_gcc_controller_ipc_cm0p.a(CyBleStackMgr_PSoCHal.o)
                0x100066bc                CyBleStackMgr_HalInit

i.CyBleStackMgr_HalIntrEnable
                0x100066d8        0xc
 i.CyBleStackMgr_HalIntrEnable
                0x100066d8        0xc Generated_Source\PSoC6\pdl\middleware\ble\lib\cy_ble_stack_gcc_controller_ipc_cm0p.a(CyBleStackMgr_PSoCHal.o)
                0x100066d8                CyBleStackMgr_HalIntrEnable

i.CyBleStackMgr_HciPortInit
                0x100066e4       0x18
 i.CyBleStackMgr_HciPortInit
                0x100066e4       0x18 Generated_Source\PSoC6\pdl\middleware\ble\lib\cy_ble_stack_gcc_controller_ipc_cm0p.a(CyBleStackMgr_PSoCHal.o)
                0x100066e4                CyBleStackMgr_HciPortInit

i.CyBleStackMgr_HciPortReset
                0x100066fc        0x8
 i.CyBleStackMgr_HciPortReset
                0x100066fc        0x8 Generated_Source\PSoC6\pdl\middleware\ble\lib\cy_ble_stack_gcc_controller_ipc_cm0p.a(CyBleStackMgr_PSoCHal.o)
                0x100066fc                CyBleStackMgr_HciPortReset

i.CyBleStackMgr_HciPortWrite
                0x10006704        0x8
 i.CyBleStackMgr_HciPortWrite
                0x10006704        0x8 Generated_Source\PSoC6\pdl\middleware\ble\lib\cy_ble_stack_gcc_controller_ipc_cm0p.a(CyBleStackMgr_PSoCHal.o)
                0x10006704                CyBleStackMgr_HciPortWrite

i.CyBleStackMgr_TimerStart
                0x1000670c       0x20
 i.CyBleStackMgr_TimerStart
                0x1000670c       0x20 Generated_Source\PSoC6\pdl\middleware\ble\lib\cy_ble_stack_gcc_controller_ipc_cm0p.a(CyBleStackMgr_PSoCHal.o)
                0x1000670c                CyBleStackMgr_TimerStart

i.CyBleStackMgr_TimerStop
                0x1000672c       0x18
 i.CyBleStackMgr_TimerStop
                0x1000672c       0x18 Generated_Source\PSoC6\pdl\middleware\ble\lib\cy_ble_stack_gcc_controller_ipc_cm0p.a(CyBleStackMgr_PSoCHal.o)
                0x1000672c                CyBleStackMgr_TimerStop

i.CyBleStackMgr_isTimerRunning
                0x10006744        0xc
 i.CyBleStackMgr_isTimerRunning
                0x10006744        0xc Generated_Source\PSoC6\pdl\middleware\ble\lib\cy_ble_stack_gcc_controller_ipc_cm0p.a(CyBleStackMgr_PSoCHal.o)
                0x10006744                CyBleStackMgr_isTimerRunning

i.CyBleStackMgr_BleSSFifoRead
                0x10006750       0x3c
 i.CyBleStackMgr_BleSSFifoRead
                0x10006750       0x3c Generated_Source\PSoC6\pdl\middleware\ble\lib\cy_ble_stack_gcc_controller_ipc_cm0p.a(CyBleStackMgr_BleSSDriver.o)
                0x10006750                CyBleStackMgr_BleSSFifoRead

i.CyBleStackMgr_BleSSFifoWrite
                0x1000678c       0x30
 i.CyBleStackMgr_BleSSFifoWrite
                0x1000678c       0x30 Generated_Source\PSoC6\pdl\middleware\ble\lib\cy_ble_stack_gcc_controller_ipc_cm0p.a(CyBleStackMgr_BleSSDriver.o)
                0x1000678c                CyBleStackMgr_BleSSFifoWrite

i.CyBleStackMgr_BleSSInit
                0x100067bc       0xac
 i.CyBleStackMgr_BleSSInit
                0x100067bc       0xac Generated_Source\PSoC6\pdl\middleware\ble\lib\cy_ble_stack_gcc_controller_ipc_cm0p.a(CyBleStackMgr_BleSSDriver.o)
                0x100067bc                CyBleStackMgr_BleSSInit

i.CyBleStackMgr_BleSSMemRead
                0x10006868       0x30
 i.CyBleStackMgr_BleSSMemRead
                0x10006868       0x30 Generated_Source\PSoC6\pdl\middleware\ble\lib\cy_ble_stack_gcc_controller_ipc_cm0p.a(CyBleStackMgr_BleSSDriver.o)
                0x10006868                CyBleStackMgr_BleSSMemRead

i.CyBleStackMgr_BleSSMemWrite
                0x10006898       0x34
 i.CyBleStackMgr_BleSSMemWrite
                0x10006898       0x34 Generated_Source\PSoC6\pdl\middleware\ble\lib\cy_ble_stack_gcc_controller_ipc_cm0p.a(CyBleStackMgr_BleSSDriver.o)
                0x10006898                CyBleStackMgr_BleSSMemWrite

i.CyBleStackMgr_BleSSMemWriteFields
                0x100068cc       0x70
 i.CyBleStackMgr_BleSSMemWriteFields
                0x100068cc       0x70 Generated_Source\PSoC6\pdl\middleware\ble\lib\cy_ble_stack_gcc_controller_ipc_cm0p.a(CyBleStackMgr_BleSSDriver.o)
                0x100068cc                CyBleStackMgr_BleSSMemWriteFields

i.CyBleStackMgr_BleSSReset
                0x1000693c       0x34
 i.CyBleStackMgr_BleSSReset
                0x1000693c       0x34 Generated_Source\PSoC6\pdl\middleware\ble\lib\cy_ble_stack_gcc_controller_ipc_cm0p.a(CyBleStackMgr_BleSSDriver.o)
                0x1000693c                CyBleStackMgr_BleSSReset

i.CyBleStackMgr_BleSSShutdown
                0x10006970       0x34
 i.CyBleStackMgr_BleSSShutdown
                0x10006970       0x34 Generated_Source\PSoC6\pdl\middleware\ble\lib\cy_ble_stack_gcc_controller_ipc_cm0p.a(CyBleStackMgr_BleSSDriver.o)
                0x10006970                CyBleStackMgr_BleSSShutdown

i.CyBleStackMgr_GenericIface
                0x100069a4       0x58
 i.CyBleStackMgr_GenericIface
                0x100069a4       0x58 Generated_Source\PSoC6\pdl\middleware\ble\lib\cy_ble_stack_gcc_controller_ipc_cm0p.a(CyBleStackMgr_BleSSDriver.o)
                0x100069a4                CyBleStackMgr_GenericIface

i.CyBleStackMgr_HandleBleSSIntr
                0x100069fc       0x70
 i.CyBleStackMgr_HandleBleSSIntr
                0x100069fc       0x70 Generated_Source\PSoC6\pdl\middleware\ble\lib\cy_ble_stack_gcc_controller_ipc_cm0p.a(CyBleStackMgr_BleSSDriver.o)
                0x100069fc                CyBleStackMgr_HandleBleSSIntr

i.CyBle_ControllerGetBleClockCfgParam
                0x10006a6c       0x20
 i.CyBle_ControllerGetBleClockCfgParam
                0x10006a6c       0x20 Generated_Source\PSoC6\pdl\middleware\ble\lib\cy_ble_stack_gcc_controller_ipc_cm0p.a(CyBleStackMgr_BleSSDriver.o)
                0x10006a6c                CyBle_ControllerGetBleClockCfgParam

i.CyBle_ControllerGetTxPowerLevel
                0x10006a8c       0x3c
 i.CyBle_ControllerGetTxPowerLevel
                0x10006a8c       0x3c Generated_Source\PSoC6\pdl\middleware\ble\lib\cy_ble_stack_gcc_controller_ipc_cm0p.a(CyBleStackMgr_BleSSDriver.o)
                0x10006a8c                CyBle_ControllerGetTxPowerLevel

i.CyBle_ControllerSetBleClockCfgParam
                0x10006ac8       0x30
 i.CyBle_ControllerSetBleClockCfgParam
                0x10006ac8       0x30 Generated_Source\PSoC6\pdl\middleware\ble\lib\cy_ble_stack_gcc_controller_ipc_cm0p.a(CyBleStackMgr_BleSSDriver.o)
                0x10006ac8                CyBle_ControllerSetBleClockCfgParam

i.CyBle_ControllerSetDcxoLdoTrim
                0x10006af8       0x1c
 i.CyBle_ControllerSetDcxoLdoTrim
                0x10006af8       0x1c Generated_Source\PSoC6\pdl\middleware\ble\lib\cy_ble_stack_gcc_controller_ipc_cm0p.a(CyBleStackMgr_BleSSDriver.o)
                0x10006af8                CyBle_ControllerSetDcxoLdoTrim

i.CyBle_ControllerSetTxPowerLevel
                0x10006b14       0x2c
 i.CyBle_ControllerSetTxPowerLevel
                0x10006b14       0x2c Generated_Source\PSoC6\pdl\middleware\ble\lib\cy_ble_stack_gcc_controller_ipc_cm0p.a(CyBleStackMgr_BleSSDriver.o)
                0x10006b14                CyBle_ControllerSetTxPowerLevel

i.CyBle_EnterDsmMode
                0x10006b40       0x34
 i.CyBle_EnterDsmMode
                0x10006b40       0x34 Generated_Source\PSoC6\pdl\middleware\ble\lib\cy_ble_stack_gcc_controller_ipc_cm0p.a(CyBleStackMgr_BleSSDriver.o)
                0x10006b40                CyBle_EnterDsmMode

i.CyBle_ExitDsmMode
                0x10006b74       0x34
 i.CyBle_ExitDsmMode
                0x10006b74       0x34 Generated_Source\PSoC6\pdl\middleware\ble\lib\cy_ble_stack_gcc_controller_ipc_cm0p.a(CyBleStackMgr_BleSSDriver.o)
                0x10006b74                CyBle_ExitDsmMode

i.CyBle_GetBleSsOperationalMode
                0x10006ba8        0xc
 i.CyBle_GetBleSsOperationalMode
                0x10006ba8        0xc Generated_Source\PSoC6\pdl\middleware\ble\lib\cy_ble_stack_gcc_controller_ipc_cm0p.a(CyBleStackMgr_BleSSDriver.o)
                0x10006ba8                CyBle_GetBleSsOperationalMode

i.CyBle_GetEventCloseState
                0x10006bb4       0x10
 i.CyBle_GetEventCloseState
                0x10006bb4       0x10 Generated_Source\PSoC6\pdl\middleware\ble\lib\cy_ble_stack_gcc_controller_ipc_cm0p.a(CyBleStackMgr_BleSSDriver.o)
                0x10006bb4                CyBle_GetEventCloseState

i.CyBle_GetLpMode
                0x10006bc4       0x1c
 i.CyBle_GetLpMode
                0x10006bc4       0x1c Generated_Source\PSoC6\pdl\middleware\ble\lib\cy_ble_stack_gcc_controller_ipc_cm0p.a(CyBleStackMgr_BleSSDriver.o)
                0x10006bc4                CyBle_GetLpMode

i.CyBle_GetTxGainMode
                0x10006be0        0xe
 i.CyBle_GetTxGainMode
                0x10006be0        0xe Generated_Source\PSoC6\pdl\middleware\ble\lib\cy_ble_stack_gcc_controller_ipc_cm0p.a(CyBleStackMgr_BleSSDriver.o)
                0x10006be0                CyBle_GetTxGainMode

i.CyBle_SetAutoWakeUp
                0x10006bf0        0xc
 i.CyBle_SetAutoWakeUp
                0x10006bf0        0xc Generated_Source\PSoC6\pdl\middleware\ble\lib\cy_ble_stack_gcc_controller_ipc_cm0p.a(CyBleStackMgr_BleSSDriver.o)
                0x10006bf0                CyBle_SetAutoWakeUp

i.CyBle_SetBleSsOperationalMode
                0x10006bfc       0x34
 i.CyBle_SetBleSsOperationalMode
                0x10006bfc       0x34 Generated_Source\PSoC6\pdl\middleware\ble\lib\cy_ble_stack_gcc_controller_ipc_cm0p.a(CyBleStackMgr_BleSSDriver.o)
                0x10006bfc                CyBle_SetBleSsOperationalMode

i.CyBle_SetEventCloseState
                0x10006c30        0xc
 i.CyBle_SetEventCloseState
                0x10006c30        0xc Generated_Source\PSoC6\pdl\middleware\ble\lib\cy_ble_stack_gcc_controller_ipc_cm0p.a(CyBleStackMgr_BleSSDriver.o)
                0x10006c30                CyBle_SetEventCloseState

i.CyBle_CheckBleStackTaskStatus
                0x10006c3c        0x4
 i.CyBle_CheckBleStackTaskStatus
                0x10006c3c        0x4 Generated_Source\PSoC6\pdl\middleware\ble\lib\cy_ble_stack_gcc_controller_ipc_cm0p.a(CyBleStackMgr_StackTaskHandler.o)
                0x10006c3c                CyBle_CheckBleStackTaskStatus

i.CyBle_CreateBleStackTask
                0x10006c40       0x30
 i.CyBle_CreateBleStackTask
                0x10006c40       0x30 Generated_Source\PSoC6\pdl\middleware\ble\lib\cy_ble_stack_gcc_controller_ipc_cm0p.a(CyBleStackMgr_StackTaskHandler.o)
                0x10006c40                CyBle_CreateBleStackTask

i.CyBle_SignalBleStackTask
                0x10006c70       0x44
 i.CyBle_SignalBleStackTask
                0x10006c70       0x44 Generated_Source\PSoC6\pdl\middleware\ble\lib\cy_ble_stack_gcc_controller_ipc_cm0p.a(CyBleStackMgr_StackTaskHandler.o)
                0x10006c70                CyBle_SignalBleStackTask

i.CyBle_StackTaskHandler
                0x10006cb4       0x26
 i.CyBle_StackTaskHandler
                0x10006cb4       0x26 Generated_Source\PSoC6\pdl\middleware\ble\lib\cy_ble_stack_gcc_controller_ipc_cm0p.a(CyBleStackMgr_StackTaskHandler.o)
                0x10006cb4                CyBle_StackTaskHandler

i.IsStackTaskFree
                0x10006cdc       0x10
 i.IsStackTaskFree
                0x10006cdc       0x10 Generated_Source\PSoC6\pdl\middleware\ble\lib\cy_ble_stack_gcc_controller_ipc_cm0p.a(CyBleStackMgr_StackTaskHandler.o)
                0x10006cdc                IsStackTaskFree

i.BT_start_timer
                0x10006cec      0x110
 i.BT_start_timer
                0x10006cec      0x110 Generated_Source\PSoC6\pdl\middleware\ble\lib\cy_ble_stack_gcc_controller_ipc_cm0p.a(BT_timer.o)
                0x10006cec                BT_start_timer

i.BT_start_timer_controller
                0x10006dfc       0x28
 i.BT_start_timer_controller
                0x10006dfc       0x28 Generated_Source\PSoC6\pdl\middleware\ble\lib\cy_ble_stack_gcc_controller_ipc_cm0p.a(BT_timer.o)
                0x10006dfc                BT_start_timer_controller

i.BT_start_timer_pilo
                0x10006e24       0x28
 i.BT_start_timer_pilo
                0x10006e24       0x28 Generated_Source\PSoC6\pdl\middleware\ble\lib\cy_ble_stack_gcc_controller_ipc_cm0p.a(BT_timer.o)
                0x10006e24                BT_start_timer_pilo

i.BT_stop_timer
                0x10006e4c       0xc8
 i.BT_stop_timer
                0x10006e4c       0xc8 Generated_Source\PSoC6\pdl\middleware\ble\lib\cy_ble_stack_gcc_controller_ipc_cm0p.a(BT_timer.o)
                0x10006e4c                BT_stop_timer

i.BT_stop_timer_controller
                0x10006f14       0x28
 i.BT_stop_timer_controller
                0x10006f14       0x28 Generated_Source\PSoC6\pdl\middleware\ble\lib\cy_ble_stack_gcc_controller_ipc_cm0p.a(BT_timer.o)
                0x10006f14                BT_stop_timer_controller

i.BT_stop_timer_pilo
                0x10006f3c       0x28
 i.BT_stop_timer_pilo
                0x10006f3c       0x28 Generated_Source\PSoC6\pdl\middleware\ble\lib\cy_ble_stack_gcc_controller_ipc_cm0p.a(BT_timer.o)
                0x10006f3c                BT_stop_timer_pilo

i.BT_timer_process_signals
                0x10006f64       0xf8
 i.BT_timer_process_signals
                0x10006f64       0xf8 Generated_Source\PSoC6\pdl\middleware\ble\lib\cy_ble_stack_gcc_controller_ipc_cm0p.a(BT_timer.o)
                0x10006f64                BT_timer_process_signals

i.timer_allocated_entity
                0x1000705c       0x34
 i.timer_allocated_entity
                0x1000705c       0x34 Generated_Source\PSoC6\pdl\middleware\ble\lib\cy_ble_stack_gcc_controller_ipc_cm0p.a(BT_timer.o)
                0x1000705c                timer_allocated_entity

i.timer_init    0x10007090       0x30
 i.timer_init   0x10007090       0x30 Generated_Source\PSoC6\pdl\middleware\ble\lib\cy_ble_stack_gcc_controller_ipc_cm0p.a(BT_timer.o)
                0x10007090                timer_init

i.timer_update_offsets
                0x100070c0       0x34
 i.timer_update_offsets
                0x100070c0       0x34 Generated_Source\PSoC6\pdl\middleware\ble\lib\cy_ble_stack_gcc_controller_ipc_cm0p.a(BT_timer.o)

i.BT_ISROSQPost
                0x100070f4        0xa
 i.BT_ISROSQPost
                0x100070f4        0xa Generated_Source\PSoC6\pdl\middleware\ble\lib\cy_ble_stack_gcc_controller_ipc_cm0p.a(bt_os_common.o)
                0x100070f4                BT_ISROSQPost

i.BT_OSQPost    0x100070fe        0xa
 i.BT_OSQPost   0x100070fe        0xa Generated_Source\PSoC6\pdl\middleware\ble\lib\cy_ble_stack_gcc_controller_ipc_cm0p.a(bt_os_common.o)
                0x100070fe                BT_OSQPost

i.BT_thread_create
                0x10007108       0x30
 i.BT_thread_create
                0x10007108       0x30 Generated_Source\PSoC6\pdl\middleware\ble\lib\cy_ble_stack_gcc_controller_ipc_cm0p.a(bt_os_common.o)
                0x10007108                BT_thread_create

i.pf_timer_handle_tick
                0x10007138       0x20
 i.pf_timer_handle_tick
                0x10007138       0x20 Generated_Source\PSoC6\pdl\middleware\ble\lib\cy_ble_stack_gcc_controller_ipc_cm0p.a(bt_os_common.o)
                0x10007138                pf_timer_handle_tick

i.CyPilo_ApplyTrim
                0x10007158       0x88
 i.CyPilo_ApplyTrim
                0x10007158       0x88 Generated_Source\PSoC6\pdl\middleware\ble\lib\cy_ble_stack_gcc_controller_ipc_cm0p.a(CyBleStackMgrIP_Pilo.o)

i.CyPilo_DSMExitCalibration
                0x100071e0       0x14
 i.CyPilo_DSMExitCalibration
                0x100071e0       0x14 Generated_Source\PSoC6\pdl\middleware\ble\lib\cy_ble_stack_gcc_controller_ipc_cm0p.a(CyBleStackMgrIP_Pilo.o)
                0x100071e0                CyPilo_DSMExitCalibration

i.CyPilo_GetState
                0x100071f4        0xc
 i.CyPilo_GetState
                0x100071f4        0xc Generated_Source\PSoC6\pdl\middleware\ble\lib\cy_ble_stack_gcc_controller_ipc_cm0p.a(CyBleStackMgrIP_Pilo.o)
                0x100071f4                CyPilo_GetState

i.CyPilo_InitCalibration
                0x10007200       0x18
 i.CyPilo_InitCalibration
                0x10007200       0x18 Generated_Source\PSoC6\pdl\middleware\ble\lib\cy_ble_stack_gcc_controller_ipc_cm0p.a(CyBleStackMgrIP_Pilo.o)
                0x10007200                CyPilo_InitCalibration

i.CyPilo_PeriodicCalibTimeout
                0x10007218       0x24
 i.CyPilo_PeriodicCalibTimeout
                0x10007218       0x24 Generated_Source\PSoC6\pdl\middleware\ble\lib\cy_ble_stack_gcc_controller_ipc_cm0p.a(CyBleStackMgrIP_Pilo.o)

i.CyPilo_RetryCalibration
                0x1000723c       0x20
 i.CyPilo_RetryCalibration
                0x1000723c       0x20 Generated_Source\PSoC6\pdl\middleware\ble\lib\cy_ble_stack_gcc_controller_ipc_cm0p.a(CyBleStackMgrIP_Pilo.o)

i.CyPilo_SetCalibInterval
                0x1000725c        0xc
 i.CyPilo_SetCalibInterval
                0x1000725c        0xc Generated_Source\PSoC6\pdl\middleware\ble\lib\cy_ble_stack_gcc_controller_ipc_cm0p.a(CyBleStackMgrIP_Pilo.o)
                0x1000725c                CyPilo_SetCalibInterval

i.CyPilo_SetState
                0x10007268        0xc
 i.CyPilo_SetState
                0x10007268        0xc Generated_Source\PSoC6\pdl\middleware\ble\lib\cy_ble_stack_gcc_controller_ipc_cm0p.a(CyBleStackMgrIP_Pilo.o)
                0x10007268                CyPilo_SetState

i.CyPilo_ShutdownCalibration
                0x10007274       0x1c
 i.CyPilo_ShutdownCalibration
                0x10007274       0x1c Generated_Source\PSoC6\pdl\middleware\ble\lib\cy_ble_stack_gcc_controller_ipc_cm0p.a(CyBleStackMgrIP_Pilo.o)
                0x10007274                CyPilo_ShutdownCalibration

i.CyPilo_StopPeriodicTimer
                0x10007290       0x10
 i.CyPilo_StopPeriodicTimer
                0x10007290       0x10 Generated_Source\PSoC6\pdl\middleware\ble\lib\cy_ble_stack_gcc_controller_ipc_cm0p.a(CyBleStackMgrIP_Pilo.o)
                0x10007290                CyPilo_StopPeriodicTimer

i.CyPilo_TriggerCalibration
                0x100072a0       0x54
 i.CyPilo_TriggerCalibration
                0x100072a0       0x54 Generated_Source\PSoC6\pdl\middleware\ble\lib\cy_ble_stack_gcc_controller_ipc_cm0p.a(CyBleStackMgrIP_Pilo.o)
                0x100072a0                CyPilo_TriggerCalibration

i.CyPilo_UpdateCalibInterval
                0x100072f4       0x34
 i.CyPilo_UpdateCalibInterval
                0x100072f4       0x34 Generated_Source\PSoC6\pdl\middleware\ble\lib\cy_ble_stack_gcc_controller_ipc_cm0p.a(CyBleStackMgrIP_Pilo.o)
                0x100072f4                CyPilo_UpdateCalibInterval

i.OS_init       0x10007328       0x64
 i.OS_init      0x10007328       0x64 Generated_Source\PSoC6\pdl\middleware\ble\lib\cy_ble_stack_gcc_controller_ipc_cm0p.a(mint_os.o)
                0x10007328                OS_init

i.OS_shutdown   0x1000738c        0x4
 i.OS_shutdown  0x1000738c        0x4 Generated_Source\PSoC6\pdl\middleware\ble\lib\cy_ble_stack_gcc_controller_ipc_cm0p.a(mint_os.o)
                0x1000738c                OS_shutdown

i.mintos_malloc
                0x10007390       0x34
 i.mintos_malloc
                0x10007390       0x34 Generated_Source\PSoC6\pdl\middleware\ble\lib\cy_ble_stack_gcc_controller_ipc_cm0p.a(mint_os.o)
                0x10007390                mintos_malloc

i.OS_create_queue
                0x100073c4       0x64
 i.OS_create_queue
                0x100073c4       0x64 Generated_Source\PSoC6\pdl\middleware\ble\lib\cy_ble_stack_gcc_controller_ipc_cm0p.a(mint_os_queue.o)
                0x100073c4                OS_create_queue

i.OS_enqueue_item
                0x10007428       0xa4
 i.OS_enqueue_item
                0x10007428       0xa4 Generated_Source\PSoC6\pdl\middleware\ble\lib\cy_ble_stack_gcc_controller_ipc_cm0p.a(mint_os_queue.o)
                0x10007428                OS_enqueue_item

i.OS_queue_get_num_of_items
                0x100074cc       0x28
 i.OS_queue_get_num_of_items
                0x100074cc       0x28 Generated_Source\PSoC6\pdl\middleware\ble\lib\cy_ble_stack_gcc_controller_ipc_cm0p.a(mint_os_queue.o)
                0x100074cc                OS_queue_get_num_of_items

i.OS_queue_mgmt_init
                0x100074f4       0x40
 i.OS_queue_mgmt_init
                0x100074f4       0x40 Generated_Source\PSoC6\pdl\middleware\ble\lib\cy_ble_stack_gcc_controller_ipc_cm0p.a(mint_os_queue.o)
                0x100074f4                OS_queue_mgmt_init

i.OS_remove_item
                0x10007534       0xb8
 i.OS_remove_item
                0x10007534       0xb8 Generated_Source\PSoC6\pdl\middleware\ble\lib\cy_ble_stack_gcc_controller_ipc_cm0p.a(mint_os_queue.o)
                0x10007534                OS_remove_item

i.OS_create_task
                0x100075ec       0x88
 i.OS_create_task
                0x100075ec       0x88 Generated_Source\PSoC6\pdl\middleware\ble\lib\cy_ble_stack_gcc_controller_ipc_cm0p.a(mint_os_task.o)
                0x100075ec                OS_create_task

i.OS_is_task_free
                0x10007674       0x30
 i.OS_is_task_free
                0x10007674       0x30 Generated_Source\PSoC6\pdl\middleware\ble\lib\cy_ble_stack_gcc_controller_ipc_cm0p.a(mint_os_task.o)
                0x10007674                OS_is_task_free

i.OS_isr_send_signal_to_task
                0x100076a4        0xc
 i.OS_isr_send_signal_to_task
                0x100076a4        0xc Generated_Source\PSoC6\pdl\middleware\ble\lib\cy_ble_stack_gcc_controller_ipc_cm0p.a(mint_os_task.o)
                0x100076a4                OS_isr_send_signal_to_task

i.OS_scheduler  0x100076b0       0x78
 i.OS_scheduler
                0x100076b0       0x78 Generated_Source\PSoC6\pdl\middleware\ble\lib\cy_ble_stack_gcc_controller_ipc_cm0p.a(mint_os_task.o)
                0x100076b0                OS_scheduler

i.OS_send_signal_to_task
                0x10007728        0xc
 i.OS_send_signal_to_task
                0x10007728        0xc Generated_Source\PSoC6\pdl\middleware\ble\lib\cy_ble_stack_gcc_controller_ipc_cm0p.a(mint_os_task.o)
                0x10007728                OS_send_signal_to_task

i.OS_send_signal_to_task_context
                0x10007734       0x3c
 i.OS_send_signal_to_task_context
                0x10007734       0x3c Generated_Source\PSoC6\pdl\middleware\ble\lib\cy_ble_stack_gcc_controller_ipc_cm0p.a(mint_os_task.o)

i.OS_task_mgmt_init
                0x10007770       0x50
 i.OS_task_mgmt_init
                0x10007770       0x50 Generated_Source\PSoC6\pdl\middleware\ble\lib\cy_ble_stack_gcc_controller_ipc_cm0p.a(mint_os_task.o)
                0x10007770                OS_task_mgmt_init

i.mint_buf_mgmt_allocate_buffer
                0x100077c0       0x60
 i.mint_buf_mgmt_allocate_buffer
                0x100077c0       0x60 Generated_Source\PSoC6\pdl\middleware\ble\lib\cy_ble_stack_gcc_controller_ipc_cm0p.a(mint_buf_mgmt.o)
                0x100077c0                mint_buf_mgmt_allocate_buffer

i.mint_buf_mgmt_create_pool
                0x10007820       0xd4
 i.mint_buf_mgmt_create_pool
                0x10007820       0xd4 Generated_Source\PSoC6\pdl\middleware\ble\lib\cy_ble_stack_gcc_controller_ipc_cm0p.a(mint_buf_mgmt.o)
                0x10007820                mint_buf_mgmt_create_pool

i.mint_buf_mgmt_free_buffer
                0x100078f4       0xb8
 i.mint_buf_mgmt_free_buffer
                0x100078f4       0xb8 Generated_Source\PSoC6\pdl\middleware\ble\lib\cy_ble_stack_gcc_controller_ipc_cm0p.a(mint_buf_mgmt.o)
                0x100078f4                mint_buf_mgmt_free_buffer

i.mint_buf_mgmt_init
                0x100079ac       0x44
 i.mint_buf_mgmt_init
                0x100079ac       0x44 Generated_Source\PSoC6\pdl\middleware\ble\lib\cy_ble_stack_gcc_controller_ipc_cm0p.a(mint_buf_mgmt.o)
                0x100079ac                mint_buf_mgmt_init

i.mint_buf_mgmt_malloc
                0x100079f0       0x28
 i.mint_buf_mgmt_malloc
                0x100079f0       0x28 Generated_Source\PSoC6\pdl\middleware\ble\lib\cy_ble_stack_gcc_controller_ipc_cm0p.a(mint_buf_mgmt.o)
                0x100079f0                mint_buf_mgmt_malloc

i.mint_buf_mgmt_pl_init
                0x10007a18       0x4c
 i.mint_buf_mgmt_pl_init
                0x10007a18       0x4c Generated_Source\PSoC6\pdl\middleware\ble\lib\cy_ble_stack_gcc_controller_ipc_cm0p.a(mint_buf_mgmt.o)
                0x10007a18                mint_buf_mgmt_pl_init

i.mint_buf_mgmt_reset_pool
                0x10007a64       0x70
 i.mint_buf_mgmt_reset_pool
                0x10007a64       0x70 Generated_Source\PSoC6\pdl\middleware\ble\lib\cy_ble_stack_gcc_controller_ipc_cm0p.a(mint_buf_mgmt.o)
                0x10007a64                mint_buf_mgmt_reset_pool

i.mint_buf_mgmt_stack_init
                0x10007ad4       0x24
 i.mint_buf_mgmt_stack_init
                0x10007ad4       0x24 Generated_Source\PSoC6\pdl\middleware\ble\lib\cy_ble_stack_gcc_controller_ipc_cm0p.a(mint_buf_mgmt.o)
                0x10007ad4                mint_buf_mgmt_stack_init

i.mint_buf_mgmt_stack_pop
                0x10007af8       0x4a
 i.mint_buf_mgmt_stack_pop
                0x10007af8       0x4a Generated_Source\PSoC6\pdl\middleware\ble\lib\cy_ble_stack_gcc_controller_ipc_cm0p.a(mint_buf_mgmt.o)
                0x10007af8                mint_buf_mgmt_stack_pop

i.mint_buf_mgmt_stack_push
                0x10007b42       0x4a
 i.mint_buf_mgmt_stack_push
                0x10007b42       0x4a Generated_Source\PSoC6\pdl\middleware\ble\lib\cy_ble_stack_gcc_controller_ipc_cm0p.a(mint_buf_mgmt.o)
                0x10007b42                mint_buf_mgmt_stack_push

i.mint_buf_mgmt_stack_reset
                0x10007b8c       0x1e
 i.mint_buf_mgmt_stack_reset
                0x10007b8c       0x1e Generated_Source\PSoC6\pdl\middleware\ble\lib\cy_ble_stack_gcc_controller_ipc_cm0p.a(mint_buf_mgmt.o)
                0x10007b8c                mint_buf_mgmt_stack_reset

i.mint_buf_mgmt_stack_search_item
                0x10007baa       0x30
 i.mint_buf_mgmt_stack_search_item
                0x10007baa       0x30 Generated_Source\PSoC6\pdl\middleware\ble\lib\cy_ble_stack_gcc_controller_ipc_cm0p.a(mint_buf_mgmt.o)
                0x10007baa                mint_buf_mgmt_stack_search_item

i.CyBleController_HciIpcExtractPacket
                0x10007bdc       0xe8
 i.CyBleController_HciIpcExtractPacket
                0x10007bdc       0xe8 Generated_Source\PSoC6\pdl\middleware\ble\lib\cy_ble_stack_gcc_controller_ipc_cm0p.a(transport_ipc.o)
                0x10007bdc                CyBleController_HciIpcExtractPacket

i.CyBleController_HciIpcInit
                0x10007cc4       0x10
 i.CyBleController_HciIpcInit
                0x10007cc4       0x10 Generated_Source\PSoC6\pdl\middleware\ble\lib\cy_ble_stack_gcc_controller_ipc_cm0p.a(transport_ipc.o)
                0x10007cc4                CyBleController_HciIpcInit

i.CyBleController_HciIpcMsgCompleteReceive
                0x10007cd4       0x20
 i.CyBleController_HciIpcMsgCompleteReceive
                0x10007cd4       0x20 Generated_Source\PSoC6\pdl\middleware\ble\lib\cy_ble_stack_gcc_controller_ipc_cm0p.a(transport_ipc.o)
                0x10007cd4                CyBleController_HciIpcMsgCompleteReceive

i.CyBleController_HciIpcMsgReceive
                0x10007cf4       0x34
 i.CyBleController_HciIpcMsgReceive
                0x10007cf4       0x34 Generated_Source\PSoC6\pdl\middleware\ble\lib\cy_ble_stack_gcc_controller_ipc_cm0p.a(transport_ipc.o)
                0x10007cf4                CyBleController_HciIpcMsgReceive

i.CyBleController_HciIpcSend
                0x10007d28       0x16
 i.CyBleController_HciIpcSend
                0x10007d28       0x16 Generated_Source\PSoC6\pdl\middleware\ble\lib\cy_ble_stack_gcc_controller_ipc_cm0p.a(transport_ipc.o)
                0x10007d28                CyBleController_HciIpcSend

i.CyBleController_IpcSendStackInitHWError
                0x10007d3e        0x8
 i.CyBleController_IpcSendStackInitHWError
                0x10007d3e        0x8 Generated_Source\PSoC6\pdl\middleware\ble\lib\cy_ble_stack_gcc_controller_ipc_cm0p.a(transport_ipc.o)
                0x10007d3e                CyBleController_IpcSendStackInitHWError

i.CyBleController_IPC_HAL_Init
                0x10007d48       0x40
 i.CyBleController_IPC_HAL_Init
                0x10007d48       0x40 Generated_Source\PSoC6\pdl\middleware\ble\lib\cy_ble_stack_gcc_controller_ipc_cm0p.a(CyBleStackMgr_PSoCIPCHal.o)
                0x10007d48                CyBleController_IPC_HAL_Init

i.CyBleController_IPC_HAL_InitWithStaticMem
                0x10007d88       0x10
 i.CyBleController_IPC_HAL_InitWithStaticMem
                0x10007d88       0x10 Generated_Source\PSoC6\pdl\middleware\ble\lib\cy_ble_stack_gcc_controller_ipc_cm0p.a(CyBleStackMgr_PSoCIPCHal.o)
                0x10007d88                CyBleController_IPC_HAL_InitWithStaticMem

i.CyBleController_IPC_HAL_IsQueueEmpty
                0x10007d98       0x24
 i.CyBleController_IPC_HAL_IsQueueEmpty
                0x10007d98       0x24 Generated_Source\PSoC6\pdl\middleware\ble\lib\cy_ble_stack_gcc_controller_ipc_cm0p.a(CyBleStackMgr_PSoCIPCHal.o)
                0x10007d98                CyBleController_IPC_HAL_IsQueueEmpty

i.CyBleController_IPC_HAL_PipeReleaseCallback
                0x10007dbc       0x1c
 i.CyBleController_IPC_HAL_PipeReleaseCallback
                0x10007dbc       0x1c Generated_Source\PSoC6\pdl\middleware\ble\lib\cy_ble_stack_gcc_controller_ipc_cm0p.a(CyBleStackMgr_PSoCIPCHal.o)

i.CyBleController_IPC_HAL_ProcessMsgQ
                0x10007dd8       0x40
 i.CyBleController_IPC_HAL_ProcessMsgQ
                0x10007dd8       0x40 Generated_Source\PSoC6\pdl\middleware\ble\lib\cy_ble_stack_gcc_controller_ipc_cm0p.a(CyBleStackMgr_PSoCIPCHal.o)
                0x10007dd8                CyBleController_IPC_HAL_ProcessMsgQ

i.CyBleController_IPC_HAL_PushMessage
                0x10007e18       0x4c
 i.CyBleController_IPC_HAL_PushMessage
                0x10007e18       0x4c Generated_Source\PSoC6\pdl\middleware\ble\lib\cy_ble_stack_gcc_controller_ipc_cm0p.a(CyBleStackMgr_PSoCIPCHal.o)

i.CyBleController_IPC_HAL_Reset
                0x10007e64       0x2c
 i.CyBleController_IPC_HAL_Reset
                0x10007e64       0x2c Generated_Source\PSoC6\pdl\middleware\ble\lib\cy_ble_stack_gcc_controller_ipc_cm0p.a(CyBleStackMgr_PSoCIPCHal.o)
                0x10007e64                CyBleController_IPC_HAL_Reset

i.CyBleController_IPC_HAL_SendEnqueue
                0x10007e90       0x10
 i.CyBleController_IPC_HAL_SendEnqueue
                0x10007e90       0x10 Generated_Source\PSoC6\pdl\middleware\ble\lib\cy_ble_stack_gcc_controller_ipc_cm0p.a(CyBleStackMgr_PSoCIPCHal.o)
                0x10007e90                CyBleController_IPC_HAL_SendEnqueue

i.CyBle_ControllerAesCcmDecrypt
                0x10007ea0       0x50
 i.CyBle_ControllerAesCcmDecrypt
                0x10007ea0       0x50 Generated_Source\PSoC6\pdl\middleware\ble\lib\cy_ble_stack_gcc_controller_ipc_cm0p.a(CyBleControllerIP_Interface.o)
                0x10007ea0                CyBle_ControllerAesCcmDecrypt

i.CyBle_ControllerAesCcmEncrypt
                0x10007ef0       0x44
 i.CyBle_ControllerAesCcmEncrypt
                0x10007ef0       0x44 Generated_Source\PSoC6\pdl\middleware\ble\lib\cy_ble_stack_gcc_controller_ipc_cm0p.a(CyBleControllerIP_Interface.o)
                0x10007ef0                CyBle_ControllerAesCcmEncrypt

i.CyBle_ControllerAesEncrypt
                0x10007f34       0x60
 i.CyBle_ControllerAesEncrypt
                0x10007f34       0x60 Generated_Source\PSoC6\pdl\middleware\ble\lib\cy_ble_stack_gcc_controller_ipc_cm0p.a(CyBleControllerIP_Interface.o)
                0x10007f34                CyBle_ControllerAesEncrypt

i.CyBle_ControllerDisableDleFeature
                0x10007f94       0x10
 i.CyBle_ControllerDisableDleFeature
                0x10007f94       0x10 Generated_Source\PSoC6\pdl\middleware\ble\lib\cy_ble_stack_gcc_controller_ipc_cm0p.a(CyBleControllerIP_Interface.o)
                0x10007f94                CyBle_ControllerDisableDleFeature

i.CyBle_ControllerDisablePhyUpdateFeature
                0x10007fa4        0xc
 i.CyBle_ControllerDisablePhyUpdateFeature
                0x10007fa4        0xc Generated_Source\PSoC6\pdl\middleware\ble\lib\cy_ble_stack_gcc_controller_ipc_cm0p.a(CyBleControllerIP_Interface.o)
                0x10007fa4                CyBle_ControllerDisablePhyUpdateFeature

i.CyBle_ControllerDisablePrivacyFeature
                0x10007fb0        0xc
 i.CyBle_ControllerDisablePrivacyFeature
                0x10007fb0        0xc Generated_Source\PSoC6\pdl\middleware\ble\lib\cy_ble_stack_gcc_controller_ipc_cm0p.a(CyBleControllerIP_Interface.o)
                0x10007fb0                CyBle_ControllerDisablePrivacyFeature

i.CyBle_ControllerEnablePrivacyFeature
                0x10007fbc       0x10
 i.CyBle_ControllerEnablePrivacyFeature
                0x10007fbc       0x10 Generated_Source\PSoC6\pdl\middleware\ble\lib\cy_ble_stack_gcc_controller_ipc_cm0p.a(CyBleControllerIP_Interface.o)
                0x10007fbc                CyBle_ControllerEnablePrivacyFeature

i.CyBle_ControllerExitLPM
                0x10007fcc       0x10
 i.CyBle_ControllerExitLPM
                0x10007fcc       0x10 Generated_Source\PSoC6\pdl\middleware\ble\lib\cy_ble_stack_gcc_controller_ipc_cm0p.a(CyBleControllerIP_Interface.o)
                0x10007fcc                CyBle_ControllerExitLPM

i.CyBle_ControllerGetBleSsState
                0x10007fdc       0x10
 i.CyBle_ControllerGetBleSsState
                0x10007fdc       0x10 Generated_Source\PSoC6\pdl\middleware\ble\lib\cy_ble_stack_gcc_controller_ipc_cm0p.a(CyBleControllerIP_Interface.o)
                0x10007fdc                CyBle_ControllerGetBleSsState

i.CyBle_ControllerGetFeatureHeapReq
                0x10007fec       0x58
 i.CyBle_ControllerGetFeatureHeapReq
                0x10007fec       0x58 Generated_Source\PSoC6\pdl\middleware\ble\lib\cy_ble_stack_gcc_controller_ipc_cm0p.a(CyBleControllerIP_Interface.o)
                0x10007fec                CyBle_ControllerGetFeatureHeapReq

i.CyBle_ControllerGetFirmwareProgrammedDSM
                0x10008044        0xc
 i.CyBle_ControllerGetFirmwareProgrammedDSM
                0x10008044        0xc Generated_Source\PSoC6\pdl\middleware\ble\lib\cy_ble_stack_gcc_controller_ipc_cm0p.a(CyBleControllerIP_Interface.o)
                0x10008044                CyBle_ControllerGetFirmwareProgrammedDSM

i.CyBle_ControllerGetHeapMemory
                0x10008050       0x18
 i.CyBle_ControllerGetHeapMemory
                0x10008050       0x18 Generated_Source\PSoC6\pdl\middleware\ble\lib\cy_ble_stack_gcc_controller_ipc_cm0p.a(CyBleControllerIP_Interface.o)
                0x10008050                CyBle_ControllerGetHeapMemory

i.CyBle_ControllerGetInternalHeapReq
                0x10008068       0x40
 i.CyBle_ControllerGetInternalHeapReq
                0x10008068       0x40 Generated_Source\PSoC6\pdl\middleware\ble\lib\cy_ble_stack_gcc_controller_ipc_cm0p.a(CyBleControllerIP_Interface.o)
                0x10008068                CyBle_ControllerGetInternalHeapReq

i.CyBle_ControllerHCIReInit
                0x100080a8       0x60
 i.CyBle_ControllerHCIReInit
                0x100080a8       0x60 Generated_Source\PSoC6\pdl\middleware\ble\lib\cy_ble_stack_gcc_controller_ipc_cm0p.a(CyBleControllerIP_Interface.o)
                0x100080a8                CyBle_ControllerHCIReInit

i.CyBle_ControllerInit
                0x10008108       0x68
 i.CyBle_ControllerInit
                0x10008108       0x68 Generated_Source\PSoC6\pdl\middleware\ble\lib\cy_ble_stack_gcc_controller_ipc_cm0p.a(CyBleControllerIP_Interface.o)
                0x10008108                CyBle_ControllerInit

i.CyBle_ControllerReset
                0x10008170       0x20
 i.CyBle_ControllerReset
                0x10008170       0x20 Generated_Source\PSoC6\pdl\middleware\ble\lib\cy_ble_stack_gcc_controller_ipc_cm0p.a(CyBleControllerIP_Interface.o)
                0x10008170                CyBle_ControllerReset

i.CyBle_ControllerSaveLastConnTxPower
                0x10008190       0x10
 i.CyBle_ControllerSaveLastConnTxPower
                0x10008190       0x10 Generated_Source\PSoC6\pdl\middleware\ble\lib\cy_ble_stack_gcc_controller_ipc_cm0p.a(CyBleControllerIP_Interface.o)
                0x10008190                CyBle_ControllerSaveLastConnTxPower

i.CyBle_ControllerSetFeatureConfig
                0x100081a0       0x68
 i.CyBle_ControllerSetFeatureConfig
                0x100081a0       0x68 Generated_Source\PSoC6\pdl\middleware\ble\lib\cy_ble_stack_gcc_controller_ipc_cm0p.a(CyBleControllerIP_Interface.o)
                0x100081a0                CyBle_ControllerSetFeatureConfig

i.CyBle_ControllerSetFirmwareProgrammedDSM
                0x10008208        0xc
 i.CyBle_ControllerSetFirmwareProgrammedDSM
                0x10008208        0xc Generated_Source\PSoC6\pdl\middleware\ble\lib\cy_ble_stack_gcc_controller_ipc_cm0p.a(CyBleControllerIP_Interface.o)
                0x10008208                CyBle_ControllerSetFirmwareProgrammedDSM

i.CyBle_ControllerValidateInputParams
                0x10008214       0x24
 i.CyBle_ControllerValidateInputParams
                0x10008214       0x24 Generated_Source\PSoC6\pdl\middleware\ble\lib\cy_ble_stack_gcc_controller_ipc_cm0p.a(CyBleControllerIP_Interface.o)
                0x10008214                CyBle_ControllerValidateInputParams

i.Cy_BLE_ControllerEnterLPM
                0x10008238       0x2c
 i.Cy_BLE_ControllerEnterLPM
                0x10008238       0x2c Generated_Source\PSoC6\pdl\middleware\ble\lib\cy_ble_stack_gcc_controller_ipc_cm0p.a(CyBleControllerIP_Interface.o)
                0x10008238                Cy_BLE_ControllerEnterLPM

i.Cy_BLE_IsControllerActive
                0x10008264       0x30
 i.Cy_BLE_IsControllerActive
                0x10008264       0x30 Generated_Source\PSoC6\pdl\middleware\ble\lib\cy_ble_stack_gcc_controller_ipc_cm0p.a(ll.o)
                0x10008264                Cy_BLE_IsControllerActive

i.ll_check_and_mark_packet_ready_for_transmission
                0x10008294       0x5c
 i.ll_check_and_mark_packet_ready_for_transmission
                0x10008294       0x5c Generated_Source\PSoC6\pdl\middleware\ble\lib\cy_ble_stack_gcc_controller_ipc_cm0p.a(ll.o)
                0x10008294                ll_check_and_mark_packet_ready_for_transmission

i.ll_cleanup_pending_data_pdu
                0x100082f0       0x3c
 i.ll_cleanup_pending_data_pdu
                0x100082f0       0x3c Generated_Source\PSoC6\pdl\middleware\ble\lib\cy_ble_stack_gcc_controller_ipc_cm0p.a(ll.o)
                0x100082f0                ll_cleanup_pending_data_pdu

i.ll_dequeue_data_in_pdu_q_mgr
                0x1000832c      0x144
 i.ll_dequeue_data_in_pdu_q_mgr
                0x1000832c      0x144 Generated_Source\PSoC6\pdl\middleware\ble\lib\cy_ble_stack_gcc_controller_ipc_cm0p.a(ll.o)
                0x1000832c                ll_dequeue_data_in_pdu_q_mgr

i.ll_derive_window_offset
                0x10008470       0x20
 i.ll_derive_window_offset
                0x10008470       0x20 Generated_Source\PSoC6\pdl\middleware\ble\lib\cy_ble_stack_gcc_controller_ipc_cm0p.a(ll.o)
                0x10008470                ll_derive_window_offset

i.ll_derive_window_size
                0x10008490        0xc
 i.ll_derive_window_size
                0x10008490        0xc Generated_Source\PSoC6\pdl\middleware\ble\lib\cy_ble_stack_gcc_controller_ipc_cm0p.a(ll.o)
                0x10008490                ll_derive_window_size

i.ll_enqueue_data_in_pdu_q_mgr
                0x1000849c       0x9c
 i.ll_enqueue_data_in_pdu_q_mgr
                0x1000849c       0x9c Generated_Source\PSoC6\pdl\middleware\ble\lib\cy_ble_stack_gcc_controller_ipc_cm0p.a(ll.o)
                0x1000849c                ll_enqueue_data_in_pdu_q_mgr

i.ll_enter_dsm_mode
                0x10008538      0x20c
 i.ll_enter_dsm_mode
                0x10008538      0x20c Generated_Source\PSoC6\pdl\middleware\ble\lib\cy_ble_stack_gcc_controller_ipc_cm0p.a(ll.o)
                0x10008538                ll_enter_dsm_mode

i.ll_exit_low_power_mode
                0x10008744       0x6c
 i.ll_exit_low_power_mode
                0x10008744       0x6c Generated_Source\PSoC6\pdl\middleware\ble\lib\cy_ble_stack_gcc_controller_ipc_cm0p.a(ll.o)
                0x10008744                ll_exit_low_power_mode

i.ll_get_ack_status
                0x100087b0       0x44
 i.ll_get_ack_status
                0x100087b0       0x44 Generated_Source\PSoC6\pdl\middleware\ble\lib\cy_ble_stack_gcc_controller_ipc_cm0p.a(ll.o)
                0x100087b0                ll_get_ack_status

i.ll_get_ack_status_for_all_connections
                0x100087f4       0x38
 i.ll_get_ack_status_for_all_connections
                0x100087f4       0x38 Generated_Source\PSoC6\pdl\middleware\ble\lib\cy_ble_stack_gcc_controller_ipc_cm0p.a(ll.o)
                0x100087f4                ll_get_ack_status_for_all_connections

i.ll_get_adv_ch_tx_power
                0x1000882c       0x16
 i.ll_get_adv_ch_tx_power
                0x1000882c       0x16 Generated_Source\PSoC6\pdl\middleware\ble\lib\cy_ble_stack_gcc_controller_ipc_cm0p.a(ll.o)
                0x1000882c                ll_get_adv_ch_tx_power

i.ll_get_data_channel_map
                0x10008842       0x28
 i.ll_get_data_channel_map
                0x10008842       0x28 Generated_Source\PSoC6\pdl\middleware\ble\lib\cy_ble_stack_gcc_controller_ipc_cm0p.a(ll.o)
                0x10008842                ll_get_data_channel_map

i.ll_get_max_white_list_size
                0x1000886c        0xc
 i.ll_get_max_white_list_size
                0x1000886c        0xc Generated_Source\PSoC6\pdl\middleware\ble\lib\cy_ble_stack_gcc_controller_ipc_cm0p.a(ll.o)
                0x1000886c                ll_get_max_white_list_size

i.ll_get_my_role
                0x10008878        0xc
 i.ll_get_my_role
                0x10008878        0xc Generated_Source\PSoC6\pdl\middleware\ble\lib\cy_ble_stack_gcc_controller_ipc_cm0p.a(ll.o)
                0x10008878                ll_get_my_role

i.ll_get_next_available_fifo_for_data_pdu
                0x10008884        0x8
 i.ll_get_next_available_fifo_for_data_pdu
                0x10008884        0x8 Generated_Source\PSoC6\pdl\middleware\ble\lib\cy_ble_stack_gcc_controller_ipc_cm0p.a(ll.o)
                0x10008884                ll_get_next_available_fifo_for_data_pdu

i.ll_get_next_available_fifo_for_ll_pdu
                0x1000888c       0x30
 i.ll_get_next_available_fifo_for_ll_pdu
                0x1000888c       0x30 Generated_Source\PSoC6\pdl\middleware\ble\lib\cy_ble_stack_gcc_controller_ipc_cm0p.a(ll.o)
                0x1000888c                ll_get_next_available_fifo_for_ll_pdu

i.ll_get_rssi_value
                0x100088bc       0x28
 i.ll_get_rssi_value
                0x100088bc       0x28 Generated_Source\PSoC6\pdl\middleware\ble\lib\cy_ble_stack_gcc_controller_ipc_cm0p.a(ll.o)
                0x100088bc                ll_get_rssi_value

i.ll_get_transmit_power_level
                0x100088e4       0x20
 i.ll_get_transmit_power_level
                0x100088e4       0x20 Generated_Source\PSoC6\pdl\middleware\ble\lib\cy_ble_stack_gcc_controller_ipc_cm0p.a(ll.o)
                0x100088e4                ll_get_transmit_power_level

i.ll_handle_ack_received
                0x10008904       0x6c
 i.ll_handle_ack_received
                0x10008904       0x6c Generated_Source\PSoC6\pdl\middleware\ble\lib\cy_ble_stack_gcc_controller_ipc_cm0p.a(ll.o)
                0x10008904                ll_handle_ack_received

i.ll_handle_add_device_in_whitelist
                0x10008970       0xbc
 i.ll_handle_add_device_in_whitelist
                0x10008970       0xbc Generated_Source\PSoC6\pdl\middleware\ble\lib\cy_ble_stack_gcc_controller_ipc_cm0p.a(ll.o)
                0x10008970                ll_handle_add_device_in_whitelist

i.ll_handle_clear_whitelist
                0x10008a2c       0x2c
 i.ll_handle_clear_whitelist